
> vuetify-project@0.0.0 build
> vite build

[36mvite v7.2.7 [32mbuilding client environment for production...[36m[39m
transforming...
node.exe : DEPRECATION 
WARNING [if-function]: 
The Sass if() syntax 
is deprecated in favor 
of the modern CSS 
syntax.
En C:\Program 
Files\nodejs\npm.ps1: 
29 Carácter: 3
+   & $NODE_EXE 
$NPM_CLI_JS $args
+   ~~~~~~~~~~~~~~~~~~~
~~~~~~~~~~
    + CategoryInfo     
         : NotSpecifi  
  ed: (DEPRECATION W   
 AR...ern CSS synta    
x.:String) [], Rem    
oteException
    + FullyQualifiedEr 
   rorId : NativeComm  
  andError
 

Suggestion: if(sass($i 
== 
list.length($maps)): 
$value; else: $result)

More info: https://sass
-lang.com/d/if-function

   ÔòÀ
38 Ôöé     
$current-val: if($i == 
list.length($maps), 
$value, $result)
   Ôöé                 
  ^^^^^^^^^^^^^^^^^^^^^
^^^^^^^^^^^^^^^^^^^^^^^
^
   ÔòÁ
    ..\..\..\vuetify\li
b\styles\tools\_functio
ns.sass 38:19   @use
    ..\..\..\vuetify\li
b\styles\settings\_vari
ables.scss 4:1  
@forward
    ..\..\..\vuetify\li
b\styles\settings\_inde
x.sass 1:1      
@forward
    ..\..\..\vuetify\li
b\styles\main.sass 3:1 
                @use
    ..\..\..\..\virtual
:plugin-vuetify:styles\
main.sass 2:1   root 
stylesheet

DEPRECATION WARNING 
[if-function]: The 
Sass if() syntax is 
deprecated in favor of 
the modern CSS syntax.

Suggestion: 
if(sass($min != 0): 
$min)

More info: https://sass
-lang.com/d/if-function

   ÔòÀ
52 Ôöé   @return 
if($min != 0, $min, 
null)
   Ôöé           ^^^^^^
^^^^^^^^^^^^^^^^^^^
   ÔòÁ
    ..\..\..\vuetify\li
b\styles\tools\_functio
ns.sass 52:11   @use
    ..\..\..\vuetify\li
b\styles\settings\_vari
ables.scss 4:1  
@forward
    ..\..\..\vuetify\li
b\styles\settings\_inde
x.sass 1:1      
@forward
    ..\..\..\vuetify\li
b\styles\main.sass 3:1 
                @use
    ..\..\..\..\virtual
:plugin-vuetify:styles\
main.sass 2:1   root 
stylesheet

DEPRECATION WARNING 
[if-function]: The 
Sass if() syntax is 
deprecated in favor of 
the modern CSS syntax.

Suggestion: if(sass(bre
akpoint-min($name, 
$breakpoints) == 
null): ""; else: 
"-#{$name}")

More info: https://sass
-lang.com/d/if-function

   ÔòÀ
55 Ôöé   @return if(bre
akpoint-min($name, 
$breakpoints) == null, 
"", "-#{$name}")
   Ôöé           ^^^^^^
^^^^^^^^^^^^^^^^^^^^^^^
^^^^^^^^^^^^^^^^^^^^^^^
^^^^^^^^^^^^
   ÔòÁ
    ..\..\..\vuetify\li
b\styles\tools\_functio
ns.sass 55:11   @use
    ..\..\..\vuetify\li
b\styles\settings\_vari
ables.scss 4:1  
@forward
    ..\..\..\vuetify\li
b\styles\settings\_inde
x.sass 1:1      
@forward
    ..\..\..\vuetify\li
b\styles\main.sass 3:1 
                @use
    ..\..\..\..\virtual
:plugin-vuetify:styles\
main.sass 2:1   root 
stylesheet

DEPRECATION WARNING 
[if-function]: The 
Sass if() syntax is 
deprecated in favor of 
the modern CSS syntax.

Suggestion: if(sass($i 
== 
list.length($maps)): 
$value; else: $result)

More info: https://sass
-lang.com/d/if-function

   ÔòÀ
38 Ôöé     
$current-val: if($i == 
list.length($maps), 
$value, $result)
   Ôöé                 
  ^^^^^^^^^^^^^^^^^^^^^
^^^^^^^^^^^^^^^^^^^^^^^
^
   ÔòÁ
    ..\..\..\vuetify\li
b\styles\tools\_functio
ns.sass 38:19          
   @forward
    ..\..\..\vuetify\li
b\styles\tools\_index.s
ass 2:1                
   @use
    ..\..\..\vuetify\li
b\components\VMain\VMai
n.sass 1:1             
   @use
    ..\..\..\..\virtual
:plugin-vuetify:compone
nts\VMain\VMain.sass 
2:1  root stylesheet

DEPRECATION WARNING 
[if-function]: The 
Sass if() syntax is 
deprecated in favor of 
the modern CSS syntax.

Suggestion: if(sass($i 
== 
list.length($maps)): 
$value; else: $result)

More info: https://sass
-lang.com/d/if-function

   ÔòÀ
38 Ôöé     
$current-val: if($i == 
list.length($maps), 
$value, $result)
   Ôöé                 
  ^^^^^^^^^^^^^^^^^^^^^
^^^^^^^^^^^^^^^^^^^^^^^
^
   ÔòÁ
    ..\..\..\vuetify\li
b\styles\tools\_functio
ns.sass 38:19          
 @forward
    ..\..\..\vuetify\li
b\styles\tools\_index.s
ass 2:1                
 @use
    ..\..\..\vuetify\li
b\components\VApp\VApp.
sass 1:1               
 @use
    ..\..\..\..\virtual
:plugin-vuetify:compone
nts\VApp\VApp.sass 2:1 
 root stylesheet

DEPRECATION WARNING 
[if-function]: The 
Sass if() syntax is 
deprecated in favor of 
the modern CSS syntax.

Suggestion: 
if(sass($min != 0): 
$min)

More info: https://sass
-lang.com/d/if-function

   ÔòÀ
52 Ôöé   @return 
if($min != 0, $min, 
null)
   Ôöé           ^^^^^^
^^^^^^^^^^^^^^^^^^^
   ÔòÁ
    ..\..\..\vuetify\li
b\styles\tools\_functio
ns.sass 52:11          
   @forward
    ..\..\..\vuetify\li
b\styles\tools\_index.s
ass 2:1                
   @use
    ..\..\..\vuetify\li
b\components\VMain\VMai
n.sass 1:1             
   @use
    ..\..\..\..\virtual
:plugin-vuetify:compone
nts\VMain\VMain.sass 
2:1  root stylesheet

DEPRECATION WARNING 
[if-function]: The 
Sass if() syntax is 
deprecated in favor of 
the modern CSS syntax.

Suggestion: 
if(sass($min != 0): 
$min)

More info: https://sass
-lang.com/d/if-function

   ÔòÀ
52 Ôöé   @return 
if($min != 0, $min, 
null)
   Ôöé           ^^^^^^
^^^^^^^^^^^^^^^^^^^
   ÔòÁ
    ..\..\..\vuetify\li
b\styles\tools\_functio
ns.sass 52:11          
 @forward
    ..\..\..\vuetify\li
b\styles\tools\_index.s
ass 2:1                
 @use
    ..\..\..\vuetify\li
b\components\VApp\VApp.
sass 1:1               
 @use
    ..\..\..\..\virtual
:plugin-vuetify:compone
nts\VApp\VApp.sass 2:1 
 root stylesheet

DEPRECATION WARNING 
[if-function]: The 
Sass if() syntax is 
deprecated in favor of 
the modern CSS syntax.

Suggestion: if(sass(bre
akpoint-min($name, 
$breakpoints) == 
null): ""; else: 
"-#{$name}")

More info: https://sass
-lang.com/d/if-function

   ÔòÀ
55 Ôöé   @return if(bre
akpoint-min($name, 
$breakpoints) == null, 
"", "-#{$name}")
   Ôöé           ^^^^^^
^^^^^^^^^^^^^^^^^^^^^^^
^^^^^^^^^^^^^^^^^^^^^^^
^^^^^^^^^^^^
   ÔòÁ
    ..\..\..\vuetify\li
b\styles\tools\_functio
ns.sass 55:11          
   @forward
    ..\..\..\vuetify\li
b\styles\tools\_index.s
ass 2:1                
   @use
    ..\..\..\vuetify\li
b\components\VMain\VMai
n.sass 1:1             
   @use
    ..\..\..\..\virtual
:plugin-vuetify:compone
nts\VMain\VMain.sass 
2:1  root stylesheet

DEPRECATION WARNING 
[if-function]: The 
Sass if() syntax is 
deprecated in favor of 
the modern CSS syntax.

Suggestion: if(sass(bre
akpoint-min($name, 
$breakpoints) == 
null): ""; else: 
"-#{$name}")

More info: https://sass
-lang.com/d/if-function

   ÔòÀ
55 Ôöé   @return if(bre
akpoint-min($name, 
$breakpoints) == null, 
"", "-#{$name}")
   Ôöé           ^^^^^^
^^^^^^^^^^^^^^^^^^^^^^^
^^^^^^^^^^^^^^^^^^^^^^^
^^^^^^^^^^^^
   ÔòÁ
    ..\..\..\vuetify\li
b\styles\tools\_functio
ns.sass 55:11          
 @forward
    ..\..\..\vuetify\li
b\styles\tools\_index.s
ass 2:1                
 @use
    ..\..\..\vuetify\li
b\components\VApp\VApp.
sass 1:1               
 @use
    ..\..\..\..\virtual
:plugin-vuetify:compone
nts\VApp\VApp.sass 2:1 
 root stylesheet

DEPRECATION WARNING 
[if-function]: The 
Sass if() syntax is 
deprecated in favor of 
the modern CSS syntax.

Suggestion: if(sass($i 
== 
list.length($maps)): 
$value; else: $result)

More info: https://sass
-lang.com/d/if-function

   ÔòÀ
38 Ôöé     
$current-val: if($i == 
list.length($maps), 
$value, $result)
   Ôöé                 
  ^^^^^^^^^^^^^^^^^^^^^
^^^^^^^^^^^^^^^^^^^^^^^
^
   ÔòÁ
    ..\..\..\vuetify\li
b\styles\tools\_functio
ns.sass 38:19          
   @use
    ..\..\..\vuetify\li
b\styles\settings\_vari
ables.scss 4:1         
   @forward
    ..\..\..\vuetify\li
b\styles\settings\_inde
x.sass 1:1             
   @use
    ..\..\..\vuetify\li
b\components\VGrid\VGri
d.sass 1:1             
   @use
    ..\..\..\..\virtual
:plugin-vuetify:compone
nts\VGrid\VGrid.sass 
2:1  root stylesheet

DEPRECATION WARNING 
[if-function]: The 
Sass if() syntax is 
deprecated in favor of 
the modern CSS syntax.

Suggestion: if(sass($i 
== 
list.length($maps)): 
$value; else: $result)

More info: https://sass
-lang.com/d/if-function

   ÔòÀ
38 Ôöé     
$current-val: if($i == 
list.length($maps), 
$value, $result)
   Ôöé                 
  ^^^^^^^^^^^^^^^^^^^^^
^^^^^^^^^^^^^^^^^^^^^^^
^
   ÔòÁ
    ..\..\..\vuetify\li
b\styles\tools\_functio
ns.sass 38:19          
         @forward
    ..\..\..\vuetify\li
b\styles\tools\_index.s
ass 2:1                
         @use
    ..\..\..\vuetify\li
b\components\VDivider\V
Divider.sass 1:1       
         @use
    ..\..\..\..\virtual
:plugin-vuetify:compone
nts\VDivider\VDivider.s
ass 2:1  root 
stylesheet

DEPRECATION WARNING 
[if-function]: The 
Sass if() syntax is 
deprecated in favor of 
the modern CSS syntax.

Suggestion: 
if(sass($min != 0): 
$min)

More info: https://sass
-lang.com/d/if-function

   ÔòÀ
52 Ôöé   @return 
if($min != 0, $min, 
null)
   Ôöé           ^^^^^^
^^^^^^^^^^^^^^^^^^^
   ÔòÁ
    ..\..\..\vuetify\li
b\styles\tools\_functio
ns.sass 52:11          
   @use
    ..\..\..\vuetify\li
b\styles\settings\_vari
ables.scss 4:1         
   @forward
    ..\..\..\vuetify\li
b\styles\settings\_inde
x.sass 1:1             
   @use
    ..\..\..\vuetify\li
b\components\VGrid\VGri
d.sass 1:1             
   @use
    ..\..\..\..\virtual
:plugin-vuetify:compone
nts\VGrid\VGrid.sass 
2:1  root stylesheet

DEPRECATION WARNING 
[if-function]: The 
Sass if() syntax is 
deprecated in favor of 
the modern CSS syntax.

Suggestion: 
if(sass($min != 0): 
$min)

More info: https://sass
-lang.com/d/if-function

   ÔòÀ
52 Ôöé   @return 
if($min != 0, $min, 
null)
   Ôöé           ^^^^^^
^^^^^^^^^^^^^^^^^^^
   ÔòÁ
    ..\..\..\vuetify\li
b\styles\tools\_functio
ns.sass 52:11          
         @forward
    ..\..\..\vuetify\li
b\styles\tools\_index.s
ass 2:1                
         @use
    ..\..\..\vuetify\li
b\components\VDivider\V
Divider.sass 1:1       
         @use
    ..\..\..\..\virtual
:plugin-vuetify:compone
nts\VDivider\VDivider.s
ass 2:1  root 
stylesheet

DEPRECATION WARNING 
[if-function]: The 
Sass if() syntax is 
deprecated in favor of 
the modern CSS syntax.

Suggestion: if(sass(bre
akpoint-min($name, 
$breakpoints) == 
null): ""; else: 
"-#{$name}")

More info: https://sass
-lang.com/d/if-function

   ÔòÀ
55 Ôöé   @return if(bre
akpoint-min($name, 
$breakpoints) == null, 
"", "-#{$name}")
   Ôöé           ^^^^^^
^^^^^^^^^^^^^^^^^^^^^^^
^^^^^^^^^^^^^^^^^^^^^^^
^^^^^^^^^^^^
   ÔòÁ
    ..\..\..\vuetify\li
b\styles\tools\_functio
ns.sass 55:11          
         @forward
    ..\..\..\vuetify\li
b\styles\tools\_index.s
ass 2:1                
         @use
    ..\..\..\vuetify\li
b\components\VDivider\V
Divider.sass 1:1       
         @use
    ..\..\..\..\virtual
:plugin-vuetify:compone
nts\VDivider\VDivider.s
ass 2:1  root 
stylesheet

DEPRECATION WARNING 
[if-function]: The 
Sass if() syntax is 
deprecated in favor of 
the modern CSS syntax.

Suggestion: if(sass(bre
akpoint-min($name, 
$breakpoints) == 
null): ""; else: 
"-#{$name}")

More info: https://sass
-lang.com/d/if-function

   ÔòÀ
55 Ôöé   @return if(bre
akpoint-min($name, 
$breakpoints) == null, 
"", "-#{$name}")
   Ôöé           ^^^^^^
^^^^^^^^^^^^^^^^^^^^^^^
^^^^^^^^^^^^^^^^^^^^^^^
^^^^^^^^^^^^
   ÔòÁ
    ..\..\..\vuetify\li
b\styles\tools\_functio
ns.sass 55:11          
   @use
    ..\..\..\vuetify\li
b\styles\settings\_vari
ables.scss 4:1         
   @forward
    ..\..\..\vuetify\li
b\styles\settings\_inde
x.sass 1:1             
   @use
    ..\..\..\vuetify\li
b\components\VGrid\VGri
d.sass 1:1             
   @use
    ..\..\..\..\virtual
:plugin-vuetify:compone
nts\VGrid\VGrid.sass 
2:1  root stylesheet

DEPRECATION WARNING 
[if-function]: The 
Sass if() syntax is 
deprecated in favor of 
the modern CSS syntax.

Suggestion: if(sass($i 
== 
list.length($maps)): 
$value; else: $result)

More info: https://sass
-lang.com/d/if-function

   ÔòÀ
38 Ôöé     
$current-val: if($i == 
list.length($maps), 
$value, $result)
   Ôöé                 
  ^^^^^^^^^^^^^^^^^^^^^
^^^^^^^^^^^^^^^^^^^^^^^
^
   ÔòÁ
    ..\..\..\vuetify\li
b\styles\tools\_functio
ns.sass 38:19          
   @forward
    ..\..\..\vuetify\li
b\styles\tools\_index.s
ass 2:1                
   @use
    ..\..\..\vuetify\li
b\components\VCard\VCar
d.sass 1:1             
   @use
    ..\..\..\..\virtual
:plugin-vuetify:compone
nts\VCard\VCard.sass 
2:1  root stylesheet

DEPRECATION WARNING 
[if-function]: The 
Sass if() syntax is 
deprecated in favor of 
the modern CSS syntax.

Suggestion: 
if(sass($min != 0): 
$min)

More info: https://sass
-lang.com/d/if-function

   ÔòÀ
52 Ôöé   @return 
if($min != 0, $min, 
null)
   Ôöé           ^^^^^^
^^^^^^^^^^^^^^^^^^^
   ÔòÁ
    ..\..\..\vuetify\li
b\styles\tools\_functio
ns.sass 52:11          
   @forward
    ..\..\..\vuetify\li
b\styles\tools\_index.s
ass 2:1                
   @use
    ..\..\..\vuetify\li
b\components\VCard\VCar
d.sass 1:1             
   @use
    ..\..\..\..\virtual
:plugin-vuetify:compone
nts\VCard\VCard.sass 
2:1  root stylesheet

DEPRECATION WARNING 
[if-function]: The 
Sass if() syntax is 
deprecated in favor of 
the modern CSS syntax.

Suggestion: if(sass($i 
== 
list.length($maps)): 
$value; else: $result)

More info: https://sass
-lang.com/d/if-function

   ÔòÀ
38 Ôöé     
$current-val: if($i == 
list.length($maps), 
$value, $result)
   Ôöé                 
  ^^^^^^^^^^^^^^^^^^^^^
^^^^^^^^^^^^^^^^^^^^^^^
^
   ÔòÁ
    ..\..\..\vuetify\li
b\styles\tools\_functio
ns.sass 38:19          
           @forward
    ..\..\..\vuetify\li
b\styles\tools\_index.s
ass 2:1                
           @use
    ..\..\..\vuetify\li
b\components\VSnackbar\
VSnackbar.sass 1:1     
           @use
    ..\..\..\..\virtual
:plugin-vuetify:compone
nts\VSnackbar\VSnackbar
.sass 2:1  root 
stylesheet

DEPRECATION WARNING 
[if-function]: The 
Sass if() syntax is 
deprecated in favor of 
the modern CSS syntax.

Suggestion: if(sass(bre
akpoint-min($name, 
$breakpoints) == 
null): ""; else: 
"-#{$name}")

More info: https://sass
-lang.com/d/if-function

   ÔòÀ
55 Ôöé   @return if(bre
akpoint-min($name, 
$breakpoints) == null, 
"", "-#{$name}")
   Ôöé           ^^^^^^
^^^^^^^^^^^^^^^^^^^^^^^
^^^^^^^^^^^^^^^^^^^^^^^
^^^^^^^^^^^^
   ÔòÁ
    ..\..\..\vuetify\li
b\styles\tools\_functio
ns.sass 55:11          
   @forward
    ..\..\..\vuetify\li
b\styles\tools\_index.s
ass 2:1                
   @use
    ..\..\..\vuetify\li
b\components\VCard\VCar
d.sass 1:1             
   @use
    ..\..\..\..\virtual
:plugin-vuetify:compone
nts\VCard\VCard.sass 
2:1  root stylesheet

DEPRECATION WARNING 
[if-function]: The 
Sass if() syntax is 
deprecated in favor of 
the modern CSS syntax.

Suggestion: 
if(sass($min != 0): 
$min)

More info: https://sass
-lang.com/d/if-function

   ÔòÀ
52 Ôöé   @return 
if($min != 0, $min, 
null)
   Ôöé           ^^^^^^
^^^^^^^^^^^^^^^^^^^
   ÔòÁ
    ..\..\..\vuetify\li
b\styles\tools\_functio
ns.sass 52:11          
           @forward
    ..\..\..\vuetify\li
b\styles\tools\_index.s
ass 2:1                
           @use
    ..\..\..\vuetify\li
b\components\VSnackbar\
VSnackbar.sass 1:1     
           @use
    ..\..\..\..\virtual
:plugin-vuetify:compone
nts\VSnackbar\VSnackbar
.sass 2:1  root 
stylesheet

DEPRECATION WARNING 
[if-function]: The 
Sass if() syntax is 
deprecated in favor of 
the modern CSS syntax.

Suggestion: if(sass(bre
akpoint-min($name, 
$breakpoints) == 
null): ""; else: 
"-#{$name}")

More info: https://sass
-lang.com/d/if-function

   ÔòÀ
55 Ôöé   @return if(bre
akpoint-min($name, 
$breakpoints) == null, 
"", "-#{$name}")
   Ôöé           ^^^^^^
^^^^^^^^^^^^^^^^^^^^^^^
^^^^^^^^^^^^^^^^^^^^^^^
^^^^^^^^^^^^
   ÔòÁ
    ..\..\..\vuetify\li
b\styles\tools\_functio
ns.sass 55:11          
           @forward
    ..\..\..\vuetify\li
b\styles\tools\_index.s
ass 2:1                
           @use
    ..\..\..\vuetify\li
b\components\VSnackbar\
VSnackbar.sass 1:1     
           @use
    ..\..\..\..\virtual
:plugin-vuetify:compone
nts\VSnackbar\VSnackbar
.sass 2:1  root 
stylesheet

DEPRECATION WARNING 
[if-function]: The 
Sass if() syntax is 
deprecated in favor of 
the modern CSS syntax.

Suggestion: if(sass($i 
== 
list.length($maps)): 
$value; else: $result)

More info: https://sass
-lang.com/d/if-function

   ÔòÀ
38 Ôöé     
$current-val: if($i == 
list.length($maps), 
$value, $result)
   Ôöé                 
  ^^^^^^^^^^^^^^^^^^^^^
^^^^^^^^^^^^^^^^^^^^^^^
^
   ÔòÁ
    ..\..\..\vuetify\li
b\styles\tools\_functio
ns.sass 38:19          
     @use
    ..\..\..\vuetify\li
b\styles\settings\_vari
ables.scss 4:1         
     @forward
    ..\..\..\vuetify\li
b\styles\settings\_inde
x.sass 1:1             
     @use
    ..\..\..\vuetify\li
b\components\VAlert\VAl
ert.sass 1:1           
     @use
    ..\..\..\..\virtual
:plugin-vuetify:compone
nts\VAlert\VAlert.sass 
2:1  root stylesheet

DEPRECATION WARNING 
[if-function]: The 
Sass if() syntax is 
deprecated in favor of 
the modern CSS syntax.

Suggestion: if(sass($i 
== 
list.length($maps)): 
$value; else: $result)

More info: https://sass
-lang.com/d/if-function

   ÔòÀ
38 Ôöé     
$current-val: if($i == 
list.length($maps), 
$value, $result)
   Ôöé                 
  ^^^^^^^^^^^^^^^^^^^^^
^^^^^^^^^^^^^^^^^^^^^^^
^
   ÔòÁ
    ..\..\..\vuetify\li
b\styles\tools\_functio
ns.sass 38:19          
 @use
    ..\..\..\vuetify\li
b\styles\settings\_vari
ables.scss 4:1         
 @forward
    ..\..\..\vuetify\li
b\styles\settings\_inde
x.sass 1:1             
 @use
    ..\..\..\vuetify\li
b\components\VBtn\VBtn.
sass 4:1               
 @use
    ..\..\..\..\virtual
:plugin-vuetify:compone
nts\VBtn\VBtn.sass 2:1 
 root stylesheet

DEPRECATION WARNING 
[if-function]: The 
Sass if() syntax is 
deprecated in favor of 
the modern CSS syntax.

Suggestion: if(sass($i 
== 
list.length($maps)): 
$value; else: $result)

More info: https://sass
-lang.com/d/if-function

   ÔòÀ
38 Ôöé     
$current-val: if($i == 
list.length($maps), 
$value, $result)
   Ôöé                 
  ^^^^^^^^^^^^^^^^^^^^^
^^^^^^^^^^^^^^^^^^^^^^^
^
   ÔòÁ
    ..\..\..\vuetify\li
b\styles\tools\_functio
ns.sass 38:19          
   @use
    ..\..\..\vuetify\li
b\styles\settings\_vari
ables.scss 4:1         
   @forward
    ..\..\..\vuetify\li
b\styles\settings\_inde
x.sass 1:1             
   @use
    ..\..\..\vuetify\li
b\components\VIcon\VIco
n.sass 2:1             
   @use
    ..\..\..\..\virtual
:plugin-vuetify:compone
nts\VIcon\VIcon.sass 
2:1  root stylesheet

DEPRECATION WARNING 
[if-function]: The 
Sass if() syntax is 
deprecated in favor of 
the modern CSS syntax.

Suggestion: 
if(sass($min != 0): 
$min)

More info: https://sass
-lang.com/d/if-function

   ÔòÀ
52 Ôöé   @return 
if($min != 0, $min, 
null)
   Ôöé           ^^^^^^
^^^^^^^^^^^^^^^^^^^
   ÔòÁ
    ..\..\..\vuetify\li
b\styles\tools\_functio
ns.sass 52:11          
     @use
    ..\..\..\vuetify\li
b\styles\settings\_vari
ables.scss 4:1         
     @forward
    ..\..\..\vuetify\li
b\styles\settings\_inde
x.sass 1:1             
     @use
    ..\..\..\vuetify\li
b\components\VAlert\VAl
ert.sass 1:1           
     @use
    ..\..\..\..\virtual
:plugin-vuetify:compone
nts\VAlert\VAlert.sass 
2:1  root stylesheet

DEPRECATION WARNING 
[if-function]: The 
Sass if() syntax is 
deprecated in favor of 
the modern CSS syntax.

Suggestion: 
if(sass($min != 0): 
$min)

More info: https://sass
-lang.com/d/if-function

   ÔòÀ
52 Ôöé   @return 
if($min != 0, $min, 
null)
   Ôöé           ^^^^^^
^^^^^^^^^^^^^^^^^^^
   ÔòÁ
    ..\..\..\vuetify\li
b\styles\tools\_functio
ns.sass 52:11          
 @use
    ..\..\..\vuetify\li
b\styles\settings\_vari
ables.scss 4:1         
 @forward
    ..\..\..\vuetify\li
b\styles\settings\_inde
x.sass 1:1             
 @use
    ..\..\..\vuetify\li
b\components\VBtn\VBtn.
sass 4:1               
 @use
    ..\..\..\..\virtual
:plugin-vuetify:compone
nts\VBtn\VBtn.sass 2:1 
 root stylesheet

DEPRECATION WARNING 
[if-function]: The 
Sass if() syntax is 
deprecated in favor of 
the modern CSS syntax.

Suggestion: 
if(sass($min != 0): 
$min)

More info: https://sass
-lang.com/d/if-function

   ÔòÀ
52 Ôöé   @return 
if($min != 0, $min, 
null)
   Ôöé           ^^^^^^
^^^^^^^^^^^^^^^^^^^
   ÔòÁ
    ..\..\..\vuetify\li
b\styles\tools\_functio
ns.sass 52:11          
   @use
    ..\..\..\vuetify\li
b\styles\settings\_vari
ables.scss 4:1         
   @forward
    ..\..\..\vuetify\li
b\styles\settings\_inde
x.sass 1:1             
   @use
    ..\..\..\vuetify\li
b\components\VIcon\VIco
n.sass 2:1             
   @use
    ..\..\..\..\virtual
:plugin-vuetify:compone
nts\VIcon\VIcon.sass 
2:1  root stylesheet

DEPRECATION WARNING 
[if-function]: The 
Sass if() syntax is 
deprecated in favor of 
the modern CSS syntax.

Suggestion: if(sass(bre
akpoint-min($name, 
$breakpoints) == 
null): ""; else: 
"-#{$name}")

More info: https://sass
-lang.com/d/if-function

   ÔòÀ
55 Ôöé   @return if(bre
akpoint-min($name, 
$breakpoints) == null, 
"", "-#{$name}")
   Ôöé           ^^^^^^
^^^^^^^^^^^^^^^^^^^^^^^
^^^^^^^^^^^^^^^^^^^^^^^
^^^^^^^^^^^^
   ÔòÁ
    ..\..\..\vuetify\li
b\styles\tools\_functio
ns.sass 55:11          
     @use
    ..\..\..\vuetify\li
b\styles\settings\_vari
ables.scss 4:1         
     @forward
    ..\..\..\vuetify\li
b\styles\settings\_inde
x.sass 1:1             
     @use
    ..\..\..\vuetify\li
b\components\VAlert\VAl
ert.sass 1:1           
     @use
    ..\..\..\..\virtual
:plugin-vuetify:compone
nts\VAlert\VAlert.sass 
2:1  root stylesheet

DEPRECATION WARNING 
[if-function]: The 
Sass if() syntax is 
deprecated in favor of 
the modern CSS syntax.

Suggestion: if(sass(bre
akpoint-min($name, 
$breakpoints) == 
null): ""; else: 
"-#{$name}")

More info: https://sass
-lang.com/d/if-function

   ÔòÀ
55 Ôöé   @return if(bre
akpoint-min($name, 
$breakpoints) == null, 
"", "-#{$name}")
   Ôöé           ^^^^^^
^^^^^^^^^^^^^^^^^^^^^^^
^^^^^^^^^^^^^^^^^^^^^^^
^^^^^^^^^^^^
   ÔòÁ
    ..\..\..\vuetify\li
b\styles\tools\_functio
ns.sass 55:11          
 @use
    ..\..\..\vuetify\li
b\styles\settings\_vari
ables.scss 4:1         
 @forward
    ..\..\..\vuetify\li
b\styles\settings\_inde
x.sass 1:1             
 @use
    ..\..\..\vuetify\li
b\components\VBtn\VBtn.
sass 4:1               
 @use
    ..\..\..\..\virtual
:plugin-vuetify:compone
nts\VBtn\VBtn.sass 2:1 
 root stylesheet

DEPRECATION WARNING 
[if-function]: The 
Sass if() syntax is 
deprecated in favor of 
the modern CSS syntax.

Suggestion: if(sass(bre
akpoint-min($name, 
$breakpoints) == 
null): ""; else: 
"-#{$name}")

More info: https://sass
-lang.com/d/if-function

   ÔòÀ
55 Ôöé   @return if(bre
akpoint-min($name, 
$breakpoints) == null, 
"", "-#{$name}")
   Ôöé           ^^^^^^
^^^^^^^^^^^^^^^^^^^^^^^
^^^^^^^^^^^^^^^^^^^^^^^
^^^^^^^^^^^^
   ÔòÁ
    ..\..\..\vuetify\li
b\styles\tools\_functio
ns.sass 55:11          
   @use
    ..\..\..\vuetify\li
b\styles\settings\_vari
ables.scss 4:1         
   @forward
    ..\..\..\vuetify\li
b\styles\settings\_inde
x.sass 1:1             
   @use
    ..\..\..\vuetify\li
b\components\VIcon\VIco
n.sass 2:1             
   @use
    ..\..\..\..\virtual
:plugin-vuetify:compone
nts\VIcon\VIcon.sass 
2:1  root stylesheet

DEPRECATION WARNING 
[if-function]: The 
Sass if() syntax is 
deprecated in favor of 
the modern CSS syntax.

Suggestion: if(sass($i 
== 
list.length($maps)): 
$value; else: $result)

More info: https://sass
-lang.com/d/if-function

   ÔòÀ
38 Ôöé     
$current-val: if($i == 
list.length($maps), 
$value, $result)
   Ôöé                 
  ^^^^^^^^^^^^^^^^^^^^^
^^^^^^^^^^^^^^^^^^^^^^^
^
   ÔòÁ
    ..\..\..\vuetify\li
b\styles\tools\_functio
ns.sass 38:19          
      @forward
    ..\..\..\vuetify\li
b\styles\tools\_index.s
ass 2:1                
      @use
    ..\..\..\vuetify\li
b\directives\ripple\VRi
pple.sass 1:1          
      @use
    ..\..\..\..\virtual
:plugin-vuetify:directi
ves\ripple\VRipple.sass
 2:1  root stylesheet

DEPRECATION WARNING 
[if-function]: The 
Sass if() syntax is 
deprecated in favor of 
the modern CSS syntax.

Suggestion: if(sass($i 
== 
list.length($maps)): 
$value; else: $result)

More info: https://sass
-lang.com/d/if-function

   ÔòÀ
38 Ôöé     
$current-val: if($i == 
list.length($maps), 
$value, $result)
   Ôöé                 
  ^^^^^^^^^^^^^^^^^^^^^
^^^^^^^^^^^^^^^^^^^^^^^
^
   ÔòÁ
    ..\..\..\vuetify\li
b\styles\tools\_functio
ns.sass 38:19          
         @forward
    ..\..\..\vuetify\li
b\styles\tools\_index.s
ass 2:1                
         @use
    ..\..\..\vuetify\li
b\components\VOverlay\V
Overlay.sass 2:1       
         @use
    ..\..\..\..\virtual
:plugin-vuetify:compone
nts\VOverlay\VOverlay.s
ass 2:1  root 
stylesheet

DEPRECATION WARNING 
[if-function]: The 
Sass if() syntax is 
deprecated in favor of 
the modern CSS syntax.

Suggestion: 
if(sass($min != 0): 
$min)

More info: https://sass
-lang.com/d/if-function

   ÔòÀ
52 Ôöé   @return 
if($min != 0, $min, 
null)
   Ôöé           ^^^^^^
^^^^^^^^^^^^^^^^^^^
   ÔòÁ
    ..\..\..\vuetify\li
b\styles\tools\_functio
ns.sass 52:11          
         @forward
    ..\..\..\vuetify\li
b\styles\tools\_index.s
ass 2:1                
         @use
    ..\..\..\vuetify\li
b\components\VOverlay\V
Overlay.sass 2:1       
         @use
    ..\..\..\..\virtual
:plugin-vuetify:compone
nts\VOverlay\VOverlay.s
ass 2:1  root 
stylesheet

DEPRECATION WARNING 
[if-function]: The 
Sass if() syntax is 
deprecated in favor of 
the modern CSS syntax.

Suggestion: 
if(sass($min != 0): 
$min)

More info: https://sass
-lang.com/d/if-function

   ÔòÀ
52 Ôöé   @return 
if($min != 0, $min, 
null)
   Ôöé           ^^^^^^
^^^^^^^^^^^^^^^^^^^
   ÔòÁ
    ..\..\..\vuetify\li
b\styles\tools\_functio
ns.sass 52:11          
      @forward
    ..\..\..\vuetify\li
b\styles\tools\_index.s
ass 2:1                
      @use
    ..\..\..\vuetify\li
b\directives\ripple\VRi
pple.sass 1:1          
      @use
    ..\..\..\..\virtual
:plugin-vuetify:directi
ves\ripple\VRipple.sass
 2:1  root stylesheet

DEPRECATION WARNING 
[if-function]: The 
Sass if() syntax is 
deprecated in favor of 
the modern CSS syntax.

Suggestion: 
if(sass($important): 
!important)

More info: https://sass
-lang.com/d/if-function

  ÔòÀ
3 Ôöé     
border-color: $color 
if($important, 
!important, null)
  Ôöé                  
        ^^^^^^^^^^^^^^^
^^^^^^^^^^^^^^^^^
  ÔòÁ
    ..\..\..\vuetify\li
b\styles\tools\_border.
sass 3:26              
 @forward
    ..\..\..\vuetify\li
b\styles\tools\_index.s
ass 4:1                
 @use
    ..\..\..\vuetify\li
b\components\VApp\VApp.
sass 1:1               
 @use
    ..\..\..\..\virtual
:plugin-vuetify:compone
nts\VApp\VApp.sass 2:1 
 root stylesheet

DEPRECATION WARNING 
[if-function]: The 
Sass if() syntax is 
deprecated in favor of 
the modern CSS syntax.

Suggestion: if(sass($i 
== 
list.length($maps)): 
$value; else: $result)

More info: https://sass
-lang.com/d/if-function

   ÔòÀ
38 Ôöé     
$current-val: if($i == 
list.length($maps), 
$value, $result)
   Ôöé                 
  ^^^^^^^^^^^^^^^^^^^^^
^^^^^^^^^^^^^^^^^^^^^^^
^
   ÔòÁ
    ..\..\..\vuetify\li
b\styles\tools\_functio
ns.sass 38:19          
           @forward
    ..\..\..\vuetify\li
b\styles\tools\_index.s
ass 2:1                
           @use
    ..\..\..\vuetify\li
b\components\VBtnGroup\
VBtnGroup.sass 2:1     
           @use
    ..\..\..\..\virtual
:plugin-vuetify:compone
nts\VBtnGroup\VBtnGroup
.sass 2:1  root 
stylesheet

DEPRECATION WARNING 
[if-function]: The 
Sass if() syntax is 
deprecated in favor of 
the modern CSS syntax.

Suggestion: if(sass(bre
akpoint-min($name, 
$breakpoints) == 
null): ""; else: 
"-#{$name}")

More info: https://sass
-lang.com/d/if-function

   ÔòÀ
55 Ôöé   @return if(bre
akpoint-min($name, 
$breakpoints) == null, 
"", "-#{$name}")
   Ôöé           ^^^^^^
^^^^^^^^^^^^^^^^^^^^^^^
^^^^^^^^^^^^^^^^^^^^^^^
^^^^^^^^^^^^
   ÔòÁ
    ..\..\..\vuetify\li
b\styles\tools\_functio
ns.sass 55:11          
         @forward
    ..\..\..\vuetify\li
b\styles\tools\_index.s
ass 2:1                
         @use
    ..\..\..\vuetify\li
b\components\VOverlay\V
Overlay.sass 2:1       
         @use
    ..\..\..\..\virtual
:plugin-vuetify:compone
nts\VOverlay\VOverlay.s
ass 2:1  root 
stylesheet

DEPRECATION WARNING 
[if-function]: The 
Sass if() syntax is 
deprecated in favor of 
the modern CSS syntax.

Suggestion: if(sass(bre
akpoint-min($name, 
$breakpoints) == 
null): ""; else: 
"-#{$name}")

More info: https://sass
-lang.com/d/if-function

   ÔòÀ
55 Ôöé   @return if(bre
akpoint-min($name, 
$breakpoints) == null, 
"", "-#{$name}")
   Ôöé           ^^^^^^
^^^^^^^^^^^^^^^^^^^^^^^
^^^^^^^^^^^^^^^^^^^^^^^
^^^^^^^^^^^^
   ÔòÁ
    ..\..\..\vuetify\li
b\styles\tools\_functio
ns.sass 55:11          
      @forward
    ..\..\..\vuetify\li
b\styles\tools\_index.s
ass 2:1                
      @use
    ..\..\..\vuetify\li
b\directives\ripple\VRi
pple.sass 1:1          
      @use
    ..\..\..\..\virtual
:plugin-vuetify:directi
ves\ripple\VRipple.sass
 2:1  root stylesheet

DEPRECATION WARNING 
[if-function]: The 
Sass if() syntax is 
deprecated in favor of 
the modern CSS syntax.

Suggestion: 
if(sass($important): 
!important)

More info: https://sass
-lang.com/d/if-function

  ÔòÀ
4 Ôöé     
border-style: $style 
if($important, 
!important, null)
  Ôöé                  
        ^^^^^^^^^^^^^^^
^^^^^^^^^^^^^^^^^
  ÔòÁ
    ..\..\..\vuetify\li
b\styles\tools\_border.
sass 4:26              
 @forward
    ..\..\..\vuetify\li
b\styles\tools\_index.s
ass 4:1                
 @use
    ..\..\..\vuetify\li
b\components\VApp\VApp.
sass 1:1               
 @use
    ..\..\..\..\virtual
:plugin-vuetify:compone
nts\VApp\VApp.sass 2:1 
 root stylesheet

DEPRECATION WARNING 
[if-function]: The 
Sass if() syntax is 
deprecated in favor of 
the modern CSS syntax.

Suggestion: 
if(sass($min != 0): 
$min)

More info: https://sass
-lang.com/d/if-function

   ÔòÀ
52 Ôöé   @return 
if($min != 0, $min, 
null)
   Ôöé           ^^^^^^
^^^^^^^^^^^^^^^^^^^
   ÔòÁ
    ..\..\..\vuetify\li
b\styles\tools\_functio
ns.sass 52:11          
           @forward
    ..\..\..\vuetify\li
b\styles\tools\_index.s
ass 2:1                
           @use
    ..\..\..\vuetify\li
b\components\VBtnGroup\
VBtnGroup.sass 2:1     
           @use
    ..\..\..\..\virtual
:plugin-vuetify:compone
nts\VBtnGroup\VBtnGroup
.sass 2:1  root 
stylesheet

DEPRECATION WARNING 
[if-function]: The 
Sass if() syntax is 
deprecated in favor of 
the modern CSS syntax.

Suggestion: if(sass(bre
akpoint-min($name, 
$breakpoints) == 
null): ""; else: 
"-#{$name}")

More info: https://sass
-lang.com/d/if-function

   ÔòÀ
55 Ôöé   @return if(bre
akpoint-min($name, 
$breakpoints) == null, 
"", "-#{$name}")
   Ôöé           ^^^^^^
^^^^^^^^^^^^^^^^^^^^^^^
^^^^^^^^^^^^^^^^^^^^^^^
^^^^^^^^^^^^
   ÔòÁ
    ..\..\..\vuetify\li
b\styles\tools\_functio
ns.sass 55:11          
           @forward
    ..\..\..\vuetify\li
b\styles\tools\_index.s
ass 2:1                
           @use
    ..\..\..\vuetify\li
b\components\VBtnGroup\
VBtnGroup.sass 2:1     
           @use
    ..\..\..\..\virtual
:plugin-vuetify:compone
nts\VBtnGroup\VBtnGroup
.sass 2:1  root 
stylesheet

DEPRECATION WARNING 
[if-function]: The 
Sass if() syntax is 
deprecated in favor of 
the modern CSS syntax.

Suggestion: 
if(sass($important): 
!important)

More info: https://sass
-lang.com/d/if-function

  ÔòÀ
3 Ôöé     
border-color: $color 
if($important, 
!important, null)
  Ôöé                  
        ^^^^^^^^^^^^^^^
^^^^^^^^^^^^^^^^^
  ÔòÁ
    ..\..\..\vuetify\li
b\styles\tools\_border.
sass 3:26              
   @forward
    ..\..\..\vuetify\li
b\styles\tools\_index.s
ass 4:1                
   @use
    ..\..\..\vuetify\li
b\components\VMain\VMai
n.sass 1:1             
   @use
    ..\..\..\..\virtual
:plugin-vuetify:compone
nts\VMain\VMain.sass 
2:1  root stylesheet

DEPRECATION WARNING 
[if-function]: The 
Sass if() syntax is 
deprecated in favor of 
the modern CSS syntax.

Suggestion: 
if(sass($important): 
!important)

More info: https://sass
-lang.com/d/if-function

  ÔòÀ
4 Ôöé     
border-style: $style 
if($important, 
!important, null)
  Ôöé                  
        ^^^^^^^^^^^^^^^
^^^^^^^^^^^^^^^^^
  ÔòÁ
    ..\..\..\vuetify\li
b\styles\tools\_border.
sass 4:26              
   @forward
    ..\..\..\vuetify\li
b\styles\tools\_index.s
ass 4:1                
   @use
    ..\..\..\vuetify\li
b\components\VMain\VMai
n.sass 1:1             
   @use
    ..\..\..\..\virtual
:plugin-vuetify:compone
nts\VMain\VMain.sass 
2:1  root stylesheet

DEPRECATION WARNING 
[if-function]: The 
Sass if() syntax is 
deprecated in favor of 
the modern CSS syntax.

Suggestion: if(sass($i 
== 
list.length($maps)): 
$value; else: $result)

More info: https://sass
-lang.com/d/if-function

   ÔòÀ
38 Ôöé     
$current-val: if($i == 
list.length($maps), 
$value, $result)
   Ôöé                 
  ^^^^^^^^^^^^^^^^^^^^^
^^^^^^^^^^^^^^^^^^^^^^^
^
   ÔòÁ
    ..\..\..\vuetify\li
b\styles\tools\_functio
ns.sass 38:19          
       @use
    ..\..\..\vuetify\li
b\styles\settings\_vari
ables.scss 4:1         
       @forward
    ..\..\..\vuetify\li
b\styles\settings\_inde
x.sass 1:1             
       @use
    ..\..\..\vuetify\li
b\components\VAvatar\VA
vatar.sass 1:1         
       @use
    ..\..\..\..\virtual
:plugin-vuetify:compone
nts\VAvatar\VAvatar.sas
s 2:1  root stylesheet

DEPRECATION WARNING 
[if-function]: The 
Sass if() syntax is 
deprecated in favor of 
the modern CSS syntax.

Suggestion: 
if(sass($min != 0): 
$min)

More info: https://sass
-lang.com/d/if-function

   ÔòÀ
52 Ôöé   @return 
if($min != 0, $min, 
null)
   Ôöé           ^^^^^^
^^^^^^^^^^^^^^^^^^^
   ÔòÁ
    ..\..\..\vuetify\li
b\styles\tools\_functio
ns.sass 52:11          
       @use
    ..\..\..\vuetify\li
b\styles\settings\_vari
ables.scss 4:1         
       @forward
    ..\..\..\vuetify\li
b\styles\settings\_inde
x.sass 1:1             
       @use
    ..\..\..\vuetify\li
b\components\VAvatar\VA
vatar.sass 1:1         
       @use
    ..\..\..\..\virtual
:plugin-vuetify:compone
nts\VAvatar\VAvatar.sas
s 2:1  root stylesheet

DEPRECATION WARNING 
[if-function]: The 
Sass if() syntax is 
deprecated in favor of 
the modern CSS syntax.

Suggestion: if(sass(bre
akpoint-min($name, 
$breakpoints) == 
null): ""; else: 
"-#{$name}")

More info: https://sass
-lang.com/d/if-function

   ÔòÀ
55 Ôöé   @return if(bre
akpoint-min($name, 
$breakpoints) == null, 
"", "-#{$name}")
   Ôöé           ^^^^^^
^^^^^^^^^^^^^^^^^^^^^^^
^^^^^^^^^^^^^^^^^^^^^^^
^^^^^^^^^^^^
   ÔòÁ
    ..\..\..\vuetify\li
b\styles\tools\_functio
ns.sass 55:11          
       @use
    ..\..\..\vuetify\li
b\styles\settings\_vari
ables.scss 4:1         
       @forward
    ..\..\..\vuetify\li
b\styles\settings\_inde
x.sass 1:1             
       @use
    ..\..\..\vuetify\li
b\components\VAvatar\VA
vatar.sass 1:1         
       @use
    ..\..\..\..\virtual
:plugin-vuetify:compone
nts\VAvatar\VAvatar.sas
s 2:1  root stylesheet

DEPRECATION WARNING 
[if-function]: The 
Sass if() syntax is 
deprecated in favor of 
the modern CSS syntax.

Suggestion: if(sass($i 
== 
list.length($maps)): 
$value; else: $result)

More info: https://sass
-lang.com/d/if-function

   ÔòÀ
38 Ôöé     
$current-val: if($i == 
list.length($maps), 
$value, $result)
   Ôöé                 
  ^^^^^^^^^^^^^^^^^^^^^
^^^^^^^^^^^^^^^^^^^^^^^
^
   ÔòÁ
    ..\..\..\vuetify\li
b\styles\tools\_functio
ns.sass 38:19          
             @use
    ..\..\..\vuetify\li
b\styles\settings\_vari
ables.scss 4:1         
             @forward
    ..\..\..\vuetify\li
b\styles\settings\_inde
x.sass 1:1             
             @use
    ..\..\..\vuetify\li
b\components\VBtnToggle
\_variables.scss 2:1   
             @use
    ..\..\..\vuetify\li
b\components\VBtnToggle
\VBtnToggle.sass 1:1   
             @use
    ..\..\..\..\virtual
:plugin-vuetify:compone
nts\VBtnToggle\VBtnTogg
le.sass 2:1  root 
stylesheet

DEPRECATION WARNING 
[if-function]: The 
Sass if() syntax is 
deprecated in favor of 
the modern CSS syntax.

Suggestion: 
if(sass($min != 0): 
$min)

More info: https://sass
-lang.com/d/if-function

   ÔòÀ
52 Ôöé   @return 
if($min != 0, $min, 
null)
   Ôöé           ^^^^^^
^^^^^^^^^^^^^^^^^^^
   ÔòÁ
    ..\..\..\vuetify\li
b\styles\tools\_functio
ns.sass 52:11          
             @use
    ..\..\..\vuetify\li
b\styles\settings\_vari
ables.scss 4:1         
             @forward
    ..\..\..\vuetify\li
b\styles\settings\_inde
x.sass 1:1             
             @use
    ..\..\..\vuetify\li
b\components\VBtnToggle
\_variables.scss 2:1   
             @use
    ..\..\..\vuetify\li
b\components\VBtnToggle
\VBtnToggle.sass 1:1   
             @use
    ..\..\..\..\virtual
:plugin-vuetify:compone
nts\VBtnToggle\VBtnTogg
le.sass 2:1  root 
stylesheet

DEPRECATION WARNING 
[if-function]: The 
Sass if() syntax is 
deprecated in favor of 
the modern CSS syntax.

Suggestion: if(sass(bre
akpoint-min($name, 
$breakpoints) == 
null): ""; else: 
"-#{$name}")

More info: https://sass
-lang.com/d/if-function

   ÔòÀ
55 Ôöé   @return if(bre
akpoint-min($name, 
$breakpoints) == null, 
"", "-#{$name}")
   Ôöé           ^^^^^^
^^^^^^^^^^^^^^^^^^^^^^^
^^^^^^^^^^^^^^^^^^^^^^^
^^^^^^^^^^^^
   ÔòÁ
    ..\..\..\vuetify\li
b\styles\tools\_functio
ns.sass 55:11          
             @use
    ..\..\..\vuetify\li
b\styles\settings\_vari
ables.scss 4:1         
             @forward
    ..\..\..\vuetify\li
b\styles\settings\_inde
x.sass 1:1             
             @use
    ..\..\..\vuetify\li
b\components\VBtnToggle
\_variables.scss 2:1   
             @use
    ..\..\..\vuetify\li
b\components\VBtnToggle
\VBtnToggle.sass 1:1   
             @use
    ..\..\..\..\virtual
:plugin-vuetify:compone
nts\VBtnToggle\VBtnTogg
le.sass 2:1  root 
stylesheet

DEPRECATION WARNING 
[if-function]: The 
Sass if() syntax is 
deprecated in favor of 
the modern CSS syntax.

Suggestion: 
if(sass($important): 
!important)

More info: https://sass
-lang.com/d/if-function

  ÔòÀ
3 Ôöé     
border-color: $color 
if($important, 
!important, null)
  Ôöé                  
        ^^^^^^^^^^^^^^^
^^^^^^^^^^^^^^^^^
  ÔòÁ
    ..\..\..\vuetify\li
b\styles\tools\_border.
sass 3:26              
         @forward
    ..\..\..\vuetify\li
b\styles\tools\_index.s
ass 4:1                
         @use
    ..\..\..\vuetify\li
b\components\VDivider\V
Divider.sass 1:1       
         @use
    ..\..\..\..\virtual
:plugin-vuetify:compone
nts\VDivider\VDivider.s
ass 2:1  root 
stylesheet

DEPRECATION WARNING 
[if-function]: The 
Sass if() syntax is 
deprecated in favor of 
the modern CSS syntax.

Suggestion: 
if(sass($important): 
!important)

More info: https://sass
-lang.com/d/if-function

  ÔòÀ
4 Ôöé     
border-style: $style 
if($important, 
!important, null)
  Ôöé                  
        ^^^^^^^^^^^^^^^
^^^^^^^^^^^^^^^^^
  ÔòÁ
    ..\..\..\vuetify\li
b\styles\tools\_border.
sass 4:26              
         @forward
    ..\..\..\vuetify\li
b\styles\tools\_index.s
ass 4:1                
         @use
    ..\..\..\vuetify\li
b\components\VDivider\V
Divider.sass 1:1       
         @use
    ..\..\..\..\virtual
:plugin-vuetify:compone
nts\VDivider\VDivider.s
ass 2:1  root 
stylesheet

DEPRECATION WARNING 
[if-function]: The 
Sass if() syntax is 
deprecated in favor of 
the modern CSS syntax.

Suggestion: 
if(sass($important): 
!important)

More info: https://sass
-lang.com/d/if-function

  ÔòÀ
3 Ôöé     
border-color: $color 
if($important, 
!important, null)
  Ôöé                  
        ^^^^^^^^^^^^^^^
^^^^^^^^^^^^^^^^^
  ÔòÁ
    ..\..\..\vuetify\li
b\styles\tools\_border.
sass 3:26              
   @forward
    ..\..\..\vuetify\li
b\styles\tools\_index.s
ass 4:1                
   @use
    ..\..\..\vuetify\li
b\components\VCard\VCar
d.sass 1:1             
   @use
    ..\..\..\..\virtual
:plugin-vuetify:compone
nts\VCard\VCard.sass 
2:1  root stylesheet

DEPRECATION WARNING 
[if-function]: The 
Sass if() syntax is 
deprecated in favor of 
the modern CSS syntax.

Suggestion: 
if(sass($important): 
!important)

More info: https://sass
-lang.com/d/if-function

  ÔòÀ
3 Ôöé     
border-color: $color 
if($important, 
!important, null)
  Ôöé                  
        ^^^^^^^^^^^^^^^
^^^^^^^^^^^^^^^^^
  ÔòÁ
    ..\..\..\vuetify\li
b\styles\tools\_border.
sass 3:26              
           @forward
    ..\..\..\vuetify\li
b\styles\tools\_index.s
ass 4:1                
           @use
    ..\..\..\vuetify\li
b\components\VSnackbar\
VSnackbar.sass 1:1     
           @use
    ..\..\..\..\virtual
:plugin-vuetify:compone
nts\VSnackbar\VSnackbar
.sass 2:1  root 
stylesheet

DEPRECATION WARNING 
[if-function]: The 
Sass if() syntax is 
deprecated in favor of 
the modern CSS syntax.

Suggestion: 
if(sass($important): 
!important)

More info: https://sass
-lang.com/d/if-function

  ÔòÀ
4 Ôöé     
border-style: $style 
if($important, 
!important, null)
  Ôöé                  
        ^^^^^^^^^^^^^^^
^^^^^^^^^^^^^^^^^
  ÔòÁ
    ..\..\..\vuetify\li
b\styles\tools\_border.
sass 4:26              
   @forward
    ..\..\..\vuetify\li
b\styles\tools\_index.s
ass 4:1                
   @use
    ..\..\..\vuetify\li
b\components\VCard\VCar
d.sass 1:1             
   @use
    ..\..\..\..\virtual
:plugin-vuetify:compone
nts\VCard\VCard.sass 
2:1  root stylesheet

DEPRECATION WARNING 
[if-function]: The 
Sass if() syntax is 
deprecated in favor of 
the modern CSS syntax.

Suggestion: 
if(sass($important): 
!important)

More info: https://sass
-lang.com/d/if-function

  ÔòÀ
4 Ôöé     
border-style: $style 
if($important, 
!important, null)
  Ôöé                  
        ^^^^^^^^^^^^^^^
^^^^^^^^^^^^^^^^^
  ÔòÁ
    ..\..\..\vuetify\li
b\styles\tools\_border.
sass 4:26              
           @forward
    ..\..\..\vuetify\li
b\styles\tools\_index.s
ass 4:1                
           @use
    ..\..\..\vuetify\li
b\components\VSnackbar\
VSnackbar.sass 1:1     
           @use
    ..\..\..\..\virtual
:plugin-vuetify:compone
nts\VSnackbar\VSnackbar
.sass 2:1  root 
stylesheet

DEPRECATION WARNING 
[if-function]: The 
Sass if() syntax is 
deprecated in favor of 
the modern CSS syntax.

Suggestion: 
if(sass($important): 
!important)

More info: https://sass
-lang.com/d/if-function

  ÔòÀ
3 Ôöé     
border-color: $color 
if($important, 
!important, null)
  Ôöé                  
        ^^^^^^^^^^^^^^^
^^^^^^^^^^^^^^^^^
  ÔòÁ
    ..\..\..\vuetify\li
b\styles\tools\_border.
sass 3:26              
      @forward
    ..\..\..\vuetify\li
b\styles\tools\_index.s
ass 4:1                
      @use
    ..\..\..\vuetify\li
b\directives\ripple\VRi
pple.sass 1:1          
      @use
    ..\..\..\..\virtual
:plugin-vuetify:directi
ves\ripple\VRipple.sass
 2:1  root stylesheet

DEPRECATION WARNING 
[if-function]: The 
Sass if() syntax is 
deprecated in favor of 
the modern CSS syntax.

Suggestion: 
if(sass($important): 
!important)

More info: https://sass
-lang.com/d/if-function

  ÔòÀ
4 Ôöé     
border-style: $style 
if($important, 
!important, null)
  Ôöé                  
        ^^^^^^^^^^^^^^^
^^^^^^^^^^^^^^^^^
  ÔòÁ
    ..\..\..\vuetify\li
b\styles\tools\_border.
sass 4:26              
      @forward
    ..\..\..\vuetify\li
b\styles\tools\_index.s
ass 4:1                
      @use
    ..\..\..\vuetify\li
b\directives\ripple\VRi
pple.sass 1:1          
      @use
    ..\..\..\..\virtual
:plugin-vuetify:directi
ves\ripple\VRipple.sass
 2:1  root stylesheet

DEPRECATION WARNING 
[if-function]: The 
Sass if() syntax is 
deprecated in favor of 
the modern CSS syntax.

Suggestion: 
if(sass($important): 
!important)

More info: https://sass
-lang.com/d/if-function

  ÔòÀ
3 Ôöé     
border-color: $color 
if($important, 
!important, null)
  Ôöé                  
        ^^^^^^^^^^^^^^^
^^^^^^^^^^^^^^^^^
  ÔòÁ
    ..\..\..\vuetify\li
b\styles\tools\_border.
sass 3:26              
           @forward
    ..\..\..\vuetify\li
b\styles\tools\_index.s
ass 4:1                
           @use
    ..\..\..\vuetify\li
b\components\VBtnGroup\
VBtnGroup.sass 2:1     
           @use
    ..\..\..\..\virtual
:plugin-vuetify:compone
nts\VBtnGroup\VBtnGroup
.sass 2:1  root 
stylesheet

DEPRECATION WARNING 
[if-function]: The 
Sass if() syntax is 
deprecated in favor of 
the modern CSS syntax.

Suggestion: 
if(sass($important): 
!important)

More info: https://sass
-lang.com/d/if-function

  ÔòÀ
4 Ôöé     
border-style: $style 
if($important, 
!important, null)
  Ôöé                  
        ^^^^^^^^^^^^^^^
^^^^^^^^^^^^^^^^^
  ÔòÁ
    ..\..\..\vuetify\li
b\styles\tools\_border.
sass 4:26              
           @forward
    ..\..\..\vuetify\li
b\styles\tools\_index.s
ass 4:1                
           @use
    ..\..\..\vuetify\li
b\components\VBtnGroup\
VBtnGroup.sass 2:1     
           @use
    ..\..\..\..\virtual
:plugin-vuetify:compone
nts\VBtnGroup\VBtnGroup
.sass 2:1  root 
stylesheet

DEPRECATION WARNING 
[if-function]: The 
Sass if() syntax is 
deprecated in favor of 
the modern CSS syntax.

Suggestion: 
if(sass($important): 
!important)

More info: https://sass
-lang.com/d/if-function

  ÔòÀ
3 Ôöé     
border-color: $color 
if($important, 
!important, null)
  Ôöé                  
        ^^^^^^^^^^^^^^^
^^^^^^^^^^^^^^^^^
  ÔòÁ
    ..\..\..\vuetify\li
b\styles\tools\_border.
sass 3:26              
         @forward
    ..\..\..\vuetify\li
b\styles\tools\_index.s
ass 4:1                
         @use
    ..\..\..\vuetify\li
b\components\VOverlay\V
Overlay.sass 2:1       
         @use
    ..\..\..\..\virtual
:plugin-vuetify:compone
nts\VOverlay\VOverlay.s
ass 2:1  root 
stylesheet

DEPRECATION WARNING 
[if-function]: The 
Sass if() syntax is 
deprecated in favor of 
the modern CSS syntax.

Suggestion: 
if(sass($important): 
!important)

More info: https://sass
-lang.com/d/if-function

  ÔòÀ
4 Ôöé     
border-style: $style 
if($important, 
!important, null)
  Ôöé                  
        ^^^^^^^^^^^^^^^
^^^^^^^^^^^^^^^^^
  ÔòÁ
    ..\..\..\vuetify\li
b\styles\tools\_border.
sass 4:26              
         @forward
    ..\..\..\vuetify\li
b\styles\tools\_index.s
ass 4:1                
         @use
    ..\..\..\vuetify\li
b\components\VOverlay\V
Overlay.sass 2:1       
         @use
    ..\..\..\..\virtual
:plugin-vuetify:compone
nts\VOverlay\VOverlay.s
ass 2:1  root 
stylesheet

DEPRECATION WARNING 
[if-function]: The 
Sass if() syntax is 
deprecated in favor of 
the modern CSS syntax.

Suggestion: 
if(sass($important): 
!important)

More info: https://sass
-lang.com/d/if-function

  ÔòÀ
3 Ôöé     
border-color: $color 
if($important, 
!important, null)
  Ôöé                  
        ^^^^^^^^^^^^^^^
^^^^^^^^^^^^^^^^^
  ÔòÁ
    ..\..\..\vuetify\li
b\styles\tools\_border.
sass 3:26              
   @forward
    ..\..\..\vuetify\li
b\styles\tools\_index.s
ass 4:1                
   @use
    ..\..\..\vuetify\li
b\components\VGrid\VGri
d.sass 2:1             
   @use
    ..\..\..\..\virtual
:plugin-vuetify:compone
nts\VGrid\VGrid.sass 
2:1  root stylesheet

DEPRECATION WARNING 
[if-function]: The 
Sass if() syntax is 
deprecated in favor of 
the modern CSS syntax.

Suggestion: 
if(sass($important): 
!important)

More info: https://sass
-lang.com/d/if-function

  ÔòÀ
4 Ôöé     
border-style: $style 
if($important, 
!important, null)
  Ôöé                  
        ^^^^^^^^^^^^^^^
^^^^^^^^^^^^^^^^^
  ÔòÁ
    ..\..\..\vuetify\li
b\styles\tools\_border.
sass 4:26              
   @forward
    ..\..\..\vuetify\li
b\styles\tools\_index.s
ass 4:1                
   @use
    ..\..\..\vuetify\li
b\components\VGrid\VGri
d.sass 2:1             
   @use
    ..\..\..\..\virtual
:plugin-vuetify:compone
nts\VGrid\VGrid.sass 
2:1  root stylesheet

DEPRECATION WARNING 
[if-function]: The 
Sass if() syntax is 
deprecated in favor of 
the modern CSS syntax.

Suggestion: 
if(sass($important): 
!important)

More info: https://sass
-lang.com/d/if-function

  ÔòÀ
3 Ôöé     
border-color: $color 
if($important, 
!important, null)
  Ôöé                  
        ^^^^^^^^^^^^^^^
^^^^^^^^^^^^^^^^^
  ÔòÁ
    ..\..\..\vuetify\li
b\styles\tools\_border.
sass 3:26              
   @forward
    ..\..\..\vuetify\li
b\styles\tools\_index.s
ass 4:1                
   @use
    ..\..\..\vuetify\li
b\components\VIcon\VIco
n.sass 3:1             
   @use
    ..\..\..\..\virtual
:plugin-vuetify:compone
nts\VIcon\VIcon.sass 
2:1  root stylesheet

DEPRECATION WARNING 
[if-function]: The 
Sass if() syntax is 
deprecated in favor of 
the modern CSS syntax.

Suggestion: 
if(sass($important): 
!important)

More info: https://sass
-lang.com/d/if-function

  ÔòÀ
3 Ôöé     
border-color: $color 
if($important, 
!important, null)
  Ôöé                  
        ^^^^^^^^^^^^^^^
^^^^^^^^^^^^^^^^^
  ÔòÁ
    ..\..\..\vuetify\li
b\styles\tools\_border.
sass 3:26              
     @forward
    ..\..\..\vuetify\li
b\styles\tools\_index.s
ass 4:1                
     @use
    ..\..\..\vuetify\li
b\components\VAlert\VAl
ert.sass 2:1           
     @use
    ..\..\..\..\virtual
:plugin-vuetify:compone
nts\VAlert\VAlert.sass 
2:1  root stylesheet

DEPRECATION WARNING 
[if-function]: The 
Sass if() syntax is 
deprecated in favor of 
the modern CSS syntax.

Suggestion: 
if(sass($important): 
!important)

More info: https://sass
-lang.com/d/if-function

  ÔòÀ
3 Ôöé     
border-color: $color 
if($important, 
!important, null)
  Ôöé                  
        ^^^^^^^^^^^^^^^
^^^^^^^^^^^^^^^^^
  ÔòÁ
    ..\..\..\vuetify\li
b\styles\tools\_border.
sass 3:26              
 @forward
    ..\..\..\vuetify\li
b\styles\tools\_index.s
ass 4:1                
 @use
    ..\..\..\vuetify\li
b\components\VBtn\VBtn.
sass 5:1               
 @use
    ..\..\..\..\virtual
:plugin-vuetify:compone
nts\VBtn\VBtn.sass 2:1 
 root stylesheet

DEPRECATION WARNING 
[if-function]: The 
Sass if() syntax is 
deprecated in favor of 
the modern CSS syntax.

Suggestion: 
if(sass($important): 
!important)

More info: https://sass
-lang.com/d/if-function

  ÔòÀ
4 Ôöé     
border-style: $style 
if($important, 
!important, null)
  Ôöé                  
        ^^^^^^^^^^^^^^^
^^^^^^^^^^^^^^^^^
  ÔòÁ
    ..\..\..\vuetify\li
b\styles\tools\_border.
sass 4:26              
   @forward
    ..\..\..\vuetify\li
b\styles\tools\_index.s
ass 4:1                
   @use
    ..\..\..\vuetify\li
b\components\VIcon\VIco
n.sass 3:1             
   @use
    ..\..\..\..\virtual
:plugin-vuetify:compone
nts\VIcon\VIcon.sass 
2:1  root stylesheet

DEPRECATION WARNING 
[if-function]: The 
Sass if() syntax is 
deprecated in favor of 
the modern CSS syntax.

Suggestion: 
if(sass($important): 
!important)

More info: https://sass
-lang.com/d/if-function

  ÔòÀ
4 Ôöé     
border-style: $style 
if($important, 
!important, null)
  Ôöé                  
        ^^^^^^^^^^^^^^^
^^^^^^^^^^^^^^^^^
  ÔòÁ
    ..\..\..\vuetify\li
b\styles\tools\_border.
sass 4:26              
 @forward
    ..\..\..\vuetify\li
b\styles\tools\_index.s
ass 4:1                
 @use
    ..\..\..\vuetify\li
b\components\VBtn\VBtn.
sass 5:1               
 @use
    ..\..\..\..\virtual
:plugin-vuetify:compone
nts\VBtn\VBtn.sass 2:1 
 root stylesheet

DEPRECATION WARNING 
[if-function]: The 
Sass if() syntax is 
deprecated in favor of 
the modern CSS syntax.

Suggestion: 
if(sass($important): 
!important)

More info: https://sass
-lang.com/d/if-function

  ÔòÀ
4 Ôöé     
border-style: $style 
if($important, 
!important, null)
  Ôöé                  
        ^^^^^^^^^^^^^^^
^^^^^^^^^^^^^^^^^
  ÔòÁ
    ..\..\..\vuetify\li
b\styles\tools\_border.
sass 4:26              
     @forward
    ..\..\..\vuetify\li
b\styles\tools\_index.s
ass 4:1                
     @use
    ..\..\..\vuetify\li
b\components\VAlert\VAl
ert.sass 2:1           
     @use
    ..\..\..\..\virtual
:plugin-vuetify:compone
nts\VAlert\VAlert.sass 
2:1  root stylesheet

DEPRECATION WARNING 
[if-function]: The 
Sass if() syntax is 
deprecated in favor of 
the modern CSS syntax.

Suggestion: 
if(sass($important): 
!important)

More info: https://sass
-lang.com/d/if-function

  ÔòÀ
3 Ôöé     
border-color: $color 
if($important, 
!important, null)
  Ôöé                  
        ^^^^^^^^^^^^^^^
^^^^^^^^^^^^^^^^^
  ÔòÁ
    ..\..\..\vuetify\li
b\styles\tools\_border.
sass 3:26              
       @forward
    ..\..\..\vuetify\li
b\styles\tools\_index.s
ass 4:1                
       @use
    ..\..\..\vuetify\li
b\components\VAvatar\VA
vatar.sass 2:1         
       @use
    ..\..\..\..\virtual
:plugin-vuetify:compone
nts\VAvatar\VAvatar.sas
s 2:1  root stylesheet

DEPRECATION WARNING 
[if-function]: The 
Sass if() syntax is 
deprecated in favor of 
the modern CSS syntax.

Suggestion: 
if(sass($important): 
!important)

More info: https://sass
-lang.com/d/if-function

  ÔòÀ
4 Ôöé     
border-style: $style 
if($important, 
!important, null)
  Ôöé                  
        ^^^^^^^^^^^^^^^
^^^^^^^^^^^^^^^^^
  ÔòÁ
    ..\..\..\vuetify\li
b\styles\tools\_border.
sass 4:26              
       @forward
    ..\..\..\vuetify\li
b\styles\tools\_index.s
ass 4:1                
       @use
    ..\..\..\vuetify\li
b\components\VAvatar\VA
vatar.sass 2:1         
       @use
    ..\..\..\..\virtual
:plugin-vuetify:compone
nts\VAvatar\VAvatar.sas
s 2:1  root stylesheet

DEPRECATION WARNING 
[if-function]: The 
Sass if() syntax is 
deprecated in favor of 
the modern CSS syntax.

Suggestion: 
if(sass($important): 
!important)

More info: https://sass
-lang.com/d/if-function

  ÔòÀ
3 Ôöé     
border-color: $color 
if($important, 
!important, null)
  Ôöé                  
        ^^^^^^^^^^^^^^^
^^^^^^^^^^^^^^^^^
  ÔòÁ
    ..\..\..\vuetify\li
b\styles\tools\_border.
sass 3:26       
@forward
    ..\..\..\vuetify\li
b\styles\tools\_index.s
ass 4:1         @use
    ..\..\..\vuetify\li
b\styles\generic\_anima
tions.scss 1:1  @use
    ..\..\..\vuetify\li
b\styles\generic\_index
.scss 2:1       @use
    ..\..\..\vuetify\li
b\styles\main.sass 4:1 
                @use
    ..\..\..\..\virtual
:plugin-vuetify:styles\
main.sass 2:1   root 
stylesheet

DEPRECATION WARNING 
[if-function]: The 
Sass if() syntax is 
deprecated in favor of 
the modern CSS syntax.

Suggestion: 
if(sass($important): 
!important)

More info: https://sass
-lang.com/d/if-function

  ÔòÀ
3 Ôöé     
border-color: $color 
if($important, 
!important, null)
  Ôöé                  
        ^^^^^^^^^^^^^^^
^^^^^^^^^^^^^^^^^
  ÔòÁ
    ..\..\..\vuetify\li
b\styles\tools\_border.
sass 3:26              
             @forward
    ..\..\..\vuetify\li
b\styles\tools\_index.s
ass 4:1                
             @use
    ..\..\..\vuetify\li
b\components\VBtnToggle
\_variables.scss 3:1   
             @use
    ..\..\..\vuetify\li
b\components\VBtnToggle
\VBtnToggle.sass 1:1   
             @use
    ..\..\..\..\virtual
:plugin-vuetify:compone
nts\VBtnToggle\VBtnTogg
le.sass 2:1  root 
stylesheet

DEPRECATION WARNING 
[if-function]: The 
Sass if() syntax is 
deprecated in favor of 
the modern CSS syntax.

Suggestion: 
if(sass($important): 
!important)

More info: https://sass
-lang.com/d/if-function

  ÔòÀ
4 Ôöé     
border-style: $style 
if($important, 
!important, null)
  Ôöé                  
        ^^^^^^^^^^^^^^^
^^^^^^^^^^^^^^^^^
  ÔòÁ
    ..\..\..\vuetify\li
b\styles\tools\_border.
sass 4:26       
@forward
    ..\..\..\vuetify\li
b\styles\tools\_index.s
ass 4:1         @use
    ..\..\..\vuetify\li
b\styles\generic\_anima
tions.scss 1:1  @use
    ..\..\..\vuetify\li
b\styles\generic\_index
.scss 2:1       @use
    ..\..\..\vuetify\li
b\styles\main.sass 4:1 
                @use
    ..\..\..\..\virtual
:plugin-vuetify:styles\
main.sass 2:1   root 
stylesheet

DEPRECATION WARNING 
[if-function]: The 
Sass if() syntax is 
deprecated in favor of 
the modern CSS syntax.

Suggestion: 
if(sass($important): 
!important)

More info: https://sass
-lang.com/d/if-function

  ÔòÀ
4 Ôöé     
border-style: $style 
if($important, 
!important, null)
  Ôöé                  
        ^^^^^^^^^^^^^^^
^^^^^^^^^^^^^^^^^
  ÔòÁ
    ..\..\..\vuetify\li
b\styles\tools\_border.
sass 4:26              
             @forward
    ..\..\..\vuetify\li
b\styles\tools\_index.s
ass 4:1                
             @use
    ..\..\..\vuetify\li
b\components\VBtnToggle
\_variables.scss 3:1   
             @use
    ..\..\..\vuetify\li
b\components\VBtnToggle
\VBtnToggle.sass 1:1   
             @use
    ..\..\..\..\virtual
:plugin-vuetify:compone
nts\VBtnToggle\VBtnTogg
le.sass 2:1  root 
stylesheet

WARNING: 9 repetitive 
deprecation warnings 
omitted.
Run in verbose mode to 
see all warnings.

WARNING: 9 repetitive 
deprecation warnings 
omitted.
Run in verbose mode to 
see all warnings.

WARNING: 9 repetitive 
deprecation warnings 
omitted.
Run in verbose mode to 
see all warnings.

WARNING: 9 repetitive 
deprecation warnings 
omitted.
Run in verbose mode to 
see all warnings.

WARNING: 9 repetitive 
deprecation warnings 
omitted.
Run in verbose mode to 
see all warnings.

WARNING: 9 repetitive 
deprecation warnings 
omitted.
Run in verbose mode to 
see all warnings.

WARNING: 10 repetitive 
deprecation warnings 
omitted.
Run in verbose mode to 
see all warnings.

WARNING: 9 repetitive 
deprecation warnings 
omitted.
Run in verbose mode to 
see all warnings.

WARNING: 9 repetitive 
deprecation warnings 
omitted.
Run in verbose mode to 
see all warnings.

WARNING: 9 repetitive 
deprecation warnings 
omitted.
Run in verbose mode to 
see all warnings.

WARNING: 10 repetitive 
deprecation warnings 
omitted.
Run in verbose mode to 
see all warnings.

WARNING: 9 repetitive 
deprecation warnings 
omitted.
Run in verbose mode to 
see all warnings.

WARNING: 9 repetitive 
deprecation warnings 
omitted.
Run in verbose mode to 
see all warnings.

WARNING: 9 repetitive 
deprecation warnings 
omitted.
Run in verbose mode to 
see all warnings.

DEPRECATION WARNING 
[if-function]: The 
Sass if() syntax is 
deprecated in favor of 
the modern CSS syntax.

Suggestion: if(sass($i 
== 
list.length($maps)): 
$value; else: $result)

More info: https://sass
-lang.com/d/if-function

   ÔòÀ
38 Ôöé     
$current-val: if($i == 
list.length($maps), 
$value, $result)
   Ôöé                 
  ^^^^^^^^^^^^^^^^^^^^^
^^^^^^^^^^^^^^^^^^^^^^^
^
   ÔòÁ
    ..\..\..\vuetify\li
b\styles\tools\_functio
ns.sass 38:19          
                       
    @use
    ..\..\..\vuetify\li
b\styles\settings\_vari
ables.scss 4:1         
                       
    @forward
    ..\..\..\vuetify\li
b\styles\settings\_inde
x.sass 1:1             
                       
    @use
    ..\..\..\vuetify\li
b\components\VProgressC
ircular\VProgressCircul
ar.sass 2:1            
    @use
    ..\..\..\..\virtual
:plugin-vuetify:compone
nts\VProgressCircular\V
ProgressCircular.sass 
2:1  root stylesheet

DEPRECATION WARNING 
[if-function]: The 
Sass if() syntax is 
deprecated in favor of 
the modern CSS syntax.

Suggestion: 
if(sass($min != 0): 
$min)

More info: https://sass
-lang.com/d/if-function

   ÔòÀ
52 Ôöé   @return 
if($min != 0, $min, 
null)
   Ôöé           ^^^^^^
^^^^^^^^^^^^^^^^^^^
   ÔòÁ
    ..\..\..\vuetify\li
b\styles\tools\_functio
ns.sass 52:11          
                       
    @use
    ..\..\..\vuetify\li
b\styles\settings\_vari
ables.scss 4:1         
                       
    @forward
    ..\..\..\vuetify\li
b\styles\settings\_inde
x.sass 1:1             
                       
    @use
    ..\..\..\vuetify\li
b\components\VProgressC
ircular\VProgressCircul
ar.sass 2:1            
    @use
    ..\..\..\..\virtual
:plugin-vuetify:compone
nts\VProgressCircular\V
ProgressCircular.sass 
2:1  root stylesheet

DEPRECATION WARNING 
[if-function]: The 
Sass if() syntax is 
deprecated in favor of 
the modern CSS syntax.

Suggestion: if(sass(bre
akpoint-min($name, 
$breakpoints) == 
null): ""; else: 
"-#{$name}")

More info: https://sass
-lang.com/d/if-function

   ÔòÀ
55 Ôöé   @return if(bre
akpoint-min($name, 
$breakpoints) == null, 
"", "-#{$name}")
   Ôöé           ^^^^^^
^^^^^^^^^^^^^^^^^^^^^^^
^^^^^^^^^^^^^^^^^^^^^^^
^^^^^^^^^^^^
   ÔòÁ
    ..\..\..\vuetify\li
b\styles\tools\_functio
ns.sass 55:11          
                       
    @use
    ..\..\..\vuetify\li
b\styles\settings\_vari
ables.scss 4:1         
                       
    @forward
    ..\..\..\vuetify\li
b\styles\settings\_inde
x.sass 1:1             
                       
    @use
    ..\..\..\vuetify\li
b\components\VProgressC
ircular\VProgressCircul
ar.sass 2:1            
    @use
    ..\..\..\..\virtual
:plugin-vuetify:compone
nts\VProgressCircular\V
ProgressCircular.sass 
2:1  root stylesheet

DEPRECATION WARNING 
[if-function]: The 
Sass if() syntax is 
deprecated in favor of 
the modern CSS syntax.

Suggestion: if(sass($i 
== 
list.length($maps)): 
$value; else: $result)

More info: https://sass
-lang.com/d/if-function

   ÔòÀ
38 Ôöé     
$current-val: if($i == 
list.length($maps), 
$value, $result)
   Ôöé                 
  ^^^^^^^^^^^^^^^^^^^^^
^^^^^^^^^^^^^^^^^^^^^^^
^
   ÔòÁ
    ..\..\..\vuetify\li
b\styles\tools\_functio
ns.sass 38:19          
 @forward
    ..\..\..\vuetify\li
b\styles\tools\_index.s
ass 2:1                
 @use
    ..\..\..\vuetify\li
b\components\VImg\VImg.
sass 1:1               
 @use
    ..\..\..\..\virtual
:plugin-vuetify:compone
nts\VImg\VImg.sass 2:1 
 root stylesheet

DEPRECATION WARNING 
[if-function]: The 
Sass if() syntax is 
deprecated in favor of 
the modern CSS syntax.

Suggestion: 
if(sass($min != 0): 
$min)

More info: https://sass
-lang.com/d/if-function

   ÔòÀ
52 Ôöé   @return 
if($min != 0, $min, 
null)
   Ôöé           ^^^^^^
^^^^^^^^^^^^^^^^^^^
   ÔòÁ
    ..\..\..\vuetify\li
b\styles\tools\_functio
ns.sass 52:11          
 @forward
    ..\..\..\vuetify\li
b\styles\tools\_index.s
ass 2:1                
 @use
    ..\..\..\vuetify\li
b\components\VImg\VImg.
sass 1:1               
 @use
    ..\..\..\..\virtual
:plugin-vuetify:compone
nts\VImg\VImg.sass 2:1 
 root stylesheet

DEPRECATION WARNING 
[if-function]: The 
Sass if() syntax is 
deprecated in favor of 
the modern CSS syntax.

Suggestion: if(sass(bre
akpoint-min($name, 
$breakpoints) == 
null): ""; else: 
"-#{$name}")

More info: https://sass
-lang.com/d/if-function

   ÔòÀ
55 Ôöé   @return if(bre
akpoint-min($name, 
$breakpoints) == null, 
"", "-#{$name}")
   Ôöé           ^^^^^^
^^^^^^^^^^^^^^^^^^^^^^^
^^^^^^^^^^^^^^^^^^^^^^^
^^^^^^^^^^^^
   ÔòÁ
    ..\..\..\vuetify\li
b\styles\tools\_functio
ns.sass 55:11          
 @forward
    ..\..\..\vuetify\li
b\styles\tools\_index.s
ass 2:1                
 @use
    ..\..\..\vuetify\li
b\components\VImg\VImg.
sass 1:1               
 @use
    ..\..\..\..\virtual
:plugin-vuetify:compone
nts\VImg\VImg.sass 2:1 
 root stylesheet

DEPRECATION WARNING 
[if-function]: The 
Sass if() syntax is 
deprecated in favor of 
the modern CSS syntax.

Suggestion: if(sass($i 
== 
list.length($maps)): 
$value; else: $result)

More info: https://sass
-lang.com/d/if-function

   ÔòÀ
38 Ôöé     
$current-val: if($i == 
list.length($maps), 
$value, $result)
   Ôöé                 
  ^^^^^^^^^^^^^^^^^^^^^
^^^^^^^^^^^^^^^^^^^^^^^
^
   ÔòÁ
    ..\..\..\vuetify\li
b\styles\tools\_functio
ns.sass 38:19          
                       
@forward
    ..\..\..\vuetify\li
b\styles\tools\_index.s
ass 2:1                
                       
@use
    ..\..\..\vuetify\li
b\components\VProgressL
inear\VProgressLinear.s
ass 1:1                
@use
    ..\..\..\..\virtual
:plugin-vuetify:compone
nts\VProgressLinear\VPr
ogressLinear.sass 2:1  
root stylesheet

DEPRECATION WARNING 
[if-function]: The 
Sass if() syntax is 
deprecated in favor of 
the modern CSS syntax.

Suggestion: 
if(sass($min != 0): 
$min)

More info: https://sass
-lang.com/d/if-function

   ÔòÀ
52 Ôöé   @return 
if($min != 0, $min, 
null)
   Ôöé           ^^^^^^
^^^^^^^^^^^^^^^^^^^
   ÔòÁ
    ..\..\..\vuetify\li
b\styles\tools\_functio
ns.sass 52:11          
                       
@forward
    ..\..\..\vuetify\li
b\styles\tools\_index.s
ass 2:1                
                       
@use
    ..\..\..\vuetify\li
b\components\VProgressL
inear\VProgressLinear.s
ass 1:1                
@use
    ..\..\..\..\virtual
:plugin-vuetify:compone
nts\VProgressLinear\VPr
ogressLinear.sass 2:1  
root stylesheet

DEPRECATION WARNING 
[if-function]: The 
Sass if() syntax is 
deprecated in favor of 
the modern CSS syntax.

Suggestion: if(sass(bre
akpoint-min($name, 
$breakpoints) == 
null): ""; else: 
"-#{$name}")

More info: https://sass
-lang.com/d/if-function

   ÔòÀ
55 Ôöé   @return if(bre
akpoint-min($name, 
$breakpoints) == null, 
"", "-#{$name}")
   Ôöé           ^^^^^^
^^^^^^^^^^^^^^^^^^^^^^^
^^^^^^^^^^^^^^^^^^^^^^^
^^^^^^^^^^^^
   ÔòÁ
    ..\..\..\vuetify\li
b\styles\tools\_functio
ns.sass 55:11          
                       
@forward
    ..\..\..\vuetify\li
b\styles\tools\_index.s
ass 2:1                
                       
@use
    ..\..\..\vuetify\li
b\components\VProgressL
inear\VProgressLinear.s
ass 1:1                
@use
    ..\..\..\..\virtual
:plugin-vuetify:compone
nts\VProgressLinear\VPr
ogressLinear.sass 2:1  
root stylesheet

DEPRECATION WARNING 
[if-function]: The 
Sass if() syntax is 
deprecated in favor of 
the modern CSS syntax.

Suggestion: if(sass($i 
== 
list.length($maps)): 
$value; else: $result)

More info: https://sass
-lang.com/d/if-function

   ÔòÀ
38 Ôöé     
$current-val: if($i == 
list.length($maps), 
$value, $result)
   Ôöé                 
  ^^^^^^^^^^^^^^^^^^^^^
^^^^^^^^^^^^^^^^^^^^^^^
^
   ÔòÁ
    ..\..\..\vuetify\li
b\styles\tools\_functio
ns.sass 38:19          
               @use
    ..\..\..\vuetify\li
b\styles\settings\_vari
ables.scss 4:1         
               @forward
    ..\..\..\vuetify\li
b\styles\settings\_inde
x.sass 1:1             
               @use
    ..\..\..\vuetify\li
b\components\VResponsiv
e\VResponsive.sass 1:1 
               @use
    ..\..\..\..\virtual
:plugin-vuetify:compone
nts\VResponsive\VRespon
sive.sass 2:1  root 
stylesheet

DEPRECATION WARNING 
[if-function]: The 
Sass if() syntax is 
deprecated in favor of 
the modern CSS syntax.

Suggestion: 
if(sass($min != 0): 
$min)

More info: https://sass
-lang.com/d/if-function

   ÔòÀ
52 Ôöé   @return 
if($min != 0, $min, 
null)
   Ôöé           ^^^^^^
^^^^^^^^^^^^^^^^^^^
   ÔòÁ
    ..\..\..\vuetify\li
b\styles\tools\_functio
ns.sass 52:11          
               @use
    ..\..\..\vuetify\li
b\styles\settings\_vari
ables.scss 4:1         
               @forward
    ..\..\..\vuetify\li
b\styles\settings\_inde
x.sass 1:1             
               @use
    ..\..\..\vuetify\li
b\components\VResponsiv
e\VResponsive.sass 1:1 
               @use
    ..\..\..\..\virtual
:plugin-vuetify:compone
nts\VResponsive\VRespon
sive.sass 2:1  root 
stylesheet

DEPRECATION WARNING 
[if-function]: The 
Sass if() syntax is 
deprecated in favor of 
the modern CSS syntax.

Suggestion: if(sass(bre
akpoint-min($name, 
$breakpoints) == 
null): ""; else: 
"-#{$name}")

More info: https://sass
-lang.com/d/if-function

   ÔòÀ
55 Ôöé   @return if(bre
akpoint-min($name, 
$breakpoints) == null, 
"", "-#{$name}")
   Ôöé           ^^^^^^
^^^^^^^^^^^^^^^^^^^^^^^
^^^^^^^^^^^^^^^^^^^^^^^
^^^^^^^^^^^^
   ÔòÁ
    ..\..\..\vuetify\li
b\styles\tools\_functio
ns.sass 55:11          
               @use
    ..\..\..\vuetify\li
b\styles\settings\_vari
ables.scss 4:1         
               @forward
    ..\..\..\vuetify\li
b\styles\settings\_inde
x.sass 1:1             
               @use
    ..\..\..\vuetify\li
b\components\VResponsiv
e\VResponsive.sass 1:1 
               @use
    ..\..\..\..\virtual
:plugin-vuetify:compone
nts\VResponsive\VRespon
sive.sass 2:1  root 
stylesheet

DEPRECATION WARNING 
[if-function]: The 
Sass if() syntax is 
deprecated in favor of 
the modern CSS syntax.

Suggestion: 
if(sass($important): 
!important)

More info: https://sass
-lang.com/d/if-function

  ÔòÀ
3 Ôöé     
border-color: $color 
if($important, 
!important, null)
  Ôöé                  
        ^^^^^^^^^^^^^^^
^^^^^^^^^^^^^^^^^
  ÔòÁ
    ..\..\..\vuetify\li
b\styles\tools\_border.
sass 3:26              
 @forward
    ..\..\..\vuetify\li
b\styles\tools\_index.s
ass 4:1                
 @use
    ..\..\..\vuetify\li
b\components\VImg\VImg.
sass 1:1               
 @use
    ..\..\..\..\virtual
:plugin-vuetify:compone
nts\VImg\VImg.sass 2:1 
 root stylesheet

DEPRECATION WARNING 
[if-function]: The 
Sass if() syntax is 
deprecated in favor of 
the modern CSS syntax.

Suggestion: 
if(sass($important): 
!important)

More info: https://sass
-lang.com/d/if-function

  ÔòÀ
4 Ôöé     
border-style: $style 
if($important, 
!important, null)
  Ôöé                  
        ^^^^^^^^^^^^^^^
^^^^^^^^^^^^^^^^^
  ÔòÁ
    ..\..\..\vuetify\li
b\styles\tools\_border.
sass 4:26              
 @forward
    ..\..\..\vuetify\li
b\styles\tools\_index.s
ass 4:1                
 @use
    ..\..\..\vuetify\li
b\components\VImg\VImg.
sass 1:1               
 @use
    ..\..\..\..\virtual
:plugin-vuetify:compone
nts\VImg\VImg.sass 2:1 
 root stylesheet

DEPRECATION WARNING 
[if-function]: The 
Sass if() syntax is 
deprecated in favor of 
the modern CSS syntax.

Suggestion: 
if(sass($important): 
!important)

More info: https://sass
-lang.com/d/if-function

  ÔòÀ
3 Ôöé     
border-color: $color 
if($important, 
!important, null)
  Ôöé                  
        ^^^^^^^^^^^^^^^
^^^^^^^^^^^^^^^^^
  ÔòÁ
    ..\..\..\vuetify\li
b\styles\tools\_border.
sass 3:26              
                       
@forward
    ..\..\..\vuetify\li
b\styles\tools\_index.s
ass 4:1                
                       
@use
    ..\..\..\vuetify\li
b\components\VProgressL
inear\VProgressLinear.s
ass 1:1                
@use
    ..\..\..\..\virtual
:plugin-vuetify:compone
nts\VProgressLinear\VPr
ogressLinear.sass 2:1  
root stylesheet

DEPRECATION WARNING 
[if-function]: The 
Sass if() syntax is 
deprecated in favor of 
the modern CSS syntax.

Suggestion: 
if(sass($important): 
!important)

More info: https://sass
-lang.com/d/if-function

  ÔòÀ
4 Ôöé     
border-style: $style 
if($important, 
!important, null)
  Ôöé                  
        ^^^^^^^^^^^^^^^
^^^^^^^^^^^^^^^^^
  ÔòÁ
    ..\..\..\vuetify\li
b\styles\tools\_border.
sass 4:26              
                       
@forward
    ..\..\..\vuetify\li
b\styles\tools\_index.s
ass 4:1                
                       
@use
    ..\..\..\vuetify\li
b\components\VProgressL
inear\VProgressLinear.s
ass 1:1                
@use
    ..\..\..\..\virtual
:plugin-vuetify:compone
nts\VProgressLinear\VPr
ogressLinear.sass 2:1  
root stylesheet

DEPRECATION WARNING 
[if-function]: The 
Sass if() syntax is 
deprecated in favor of 
the modern CSS syntax.

Suggestion: 
if(sass($important): 
!important)

More info: https://sass
-lang.com/d/if-function

  ÔòÀ
3 Ôöé     
border-color: $color 
if($important, 
!important, null)
  Ôöé                  
        ^^^^^^^^^^^^^^^
^^^^^^^^^^^^^^^^^
  ÔòÁ
    ..\..\..\vuetify\li
b\styles\tools\_border.
sass 3:26              
                       
    @forward
    ..\..\..\vuetify\li
b\styles\tools\_index.s
ass 4:1                
                       
    @use
    ..\..\..\vuetify\li
b\components\VProgressC
ircular\VProgressCircul
ar.sass 3:1            
    @use
    ..\..\..\..\virtual
:plugin-vuetify:compone
nts\VProgressCircular\V
ProgressCircular.sass 
2:1  root stylesheet

DEPRECATION WARNING 
[if-function]: The 
Sass if() syntax is 
deprecated in favor of 
the modern CSS syntax.

Suggestion: 
if(sass($important): 
!important)

More info: https://sass
-lang.com/d/if-function

  ÔòÀ
4 Ôöé     
border-style: $style 
if($important, 
!important, null)
  Ôöé                  
        ^^^^^^^^^^^^^^^
^^^^^^^^^^^^^^^^^
  ÔòÁ
    ..\..\..\vuetify\li
b\styles\tools\_border.
sass 4:26              
                       
    @forward
    ..\..\..\vuetify\li
b\styles\tools\_index.s
ass 4:1                
                       
    @use
    ..\..\..\vuetify\li
b\components\VProgressC
ircular\VProgressCircul
ar.sass 3:1            
    @use
    ..\..\..\..\virtual
:plugin-vuetify:compone
nts\VProgressCircular\V
ProgressCircular.sass 
2:1  root stylesheet

DEPRECATION WARNING 
[if-function]: The 
Sass if() syntax is 
deprecated in favor of 
the modern CSS syntax.

Suggestion: 
if(sass($important): 
!important)

More info: https://sass
-lang.com/d/if-function

  ÔòÀ
3 Ôöé     
border-color: $color 
if($important, 
!important, null)
  Ôöé                  
        ^^^^^^^^^^^^^^^
^^^^^^^^^^^^^^^^^
  ÔòÁ
    ..\..\..\vuetify\li
b\styles\tools\_border.
sass 3:26              
               @forward
    ..\..\..\vuetify\li
b\styles\tools\_index.s
ass 4:1                
               @use
    ..\..\..\vuetify\li
b\components\VResponsiv
e\VResponsive.sass 2:1 
               @use
    ..\..\..\..\virtual
:plugin-vuetify:compone
nts\VResponsive\VRespon
sive.sass 2:1  root 
stylesheet

DEPRECATION WARNING 
[if-function]: The 
Sass if() syntax is 
deprecated in favor of 
the modern CSS syntax.

Suggestion: 
if(sass($important): 
!important)

More info: https://sass
-lang.com/d/if-function

  ÔòÀ
4 Ôöé     
border-style: $style 
if($important, 
!important, null)
  Ôöé                  
        ^^^^^^^^^^^^^^^
^^^^^^^^^^^^^^^^^
  ÔòÁ
    ..\..\..\vuetify\li
b\styles\tools\_border.
sass 4:26              
               @forward
    ..\..\..\vuetify\li
b\styles\tools\_index.s
ass 4:1                
               @use
    ..\..\..\vuetify\li
b\components\VResponsiv
e\VResponsive.sass 2:1 
               @use
    ..\..\..\..\virtual
:plugin-vuetify:compone
nts\VResponsive\VRespon
sive.sass 2:1  root 
stylesheet

WARNING: 9 repetitive 
deprecation warnings 
omitted.
Run in verbose mode to 
see all warnings.

WARNING: 9 repetitive 
deprecation warnings 
omitted.
Run in verbose mode to 
see all warnings.

WARNING: 9 repetitive 
deprecation warnings 
omitted.
Run in verbose mode to 
see all warnings.

WARNING: 9 repetitive 
deprecation warnings 
omitted.
Run in verbose mode to 
see all warnings.

WARNING: 9 repetitive 
deprecation warnings 
omitted.
Run in verbose mode to 
see all warnings.

[32mÔ£ô[39m 188 modules transformed.
rendering chunks...
computing gzip size...
[2mdist/[22m[32massets/roboto-vietnamese-100-normal-CZkTm67L.woff     [39m[1m[2m    5.35 kB[22m[1m[22m
[2mdist/[22m[32massets/roboto-vietnamese-900-normal-JmgrehrB.woff     [39m[1m[2m    5.39 kB[22m[1m[22m
[2mdist/[22m[32massets/roboto-vietnamese-400-normal-BYP5tVVv.woff     [39m[1m[2m    5.44 kB[22m[1m[22m
[2mdist/[22m[32massets/roboto-vietnamese-700-normal-BhieYfot.woff     [39m[1m[2m    5.44 kB[22m[1m[22m
[2mdist/[22m[32massets/roboto-vietnamese-300-normal-CBwYb71Q.woff     [39m[1m[2m    5.48 kB[22m[1m[22m
[2mdist/[22m[32massets/roboto-vietnamese-500-normal-CUzdRVXb.woff     [39m[1m[2m    5.48 kB[22m[1m[22m
[2mdist/[22m[32massets/roboto-vietnamese-100-italic-Dvb7TOLR.woff     [39m[1m[2m    5.68 kB[22m[1m[22m
[2mdist/[22m[32massets/roboto-vietnamese-900-italic-tCYE3rpC.woff     [39m[1m[2m    5.76 kB[22m[1m[22m
[2mdist/[22m[32massets/roboto-vietnamese-500-italic-C94sVCUD.woff     [39m[1m[2m    5.83 kB[22m[1m[22m
[2mdist/[22m[32massets/roboto-vietnamese-300-italic-D9zNbDnZ.woff     [39m[1m[2m    5.84 kB[22m[1m[22m
[2mdist/[22m[32massets/roboto-vietnamese-400-italic-BVgcGto5.woff     [39m[1m[2m    5.86 kB[22m[1m[22m
[2mdist/[22m[32massets/roboto-vietnamese-700-italic-CRHxK2xl.woff     [39m[1m[2m    5.87 kB[22m[1m[22m
[2mdist/[22m[32massets/roboto-greek-100-normal-CiRHeoKM.woff          [39m[1m[2m    7.40 kB[22m[1m[22m
[2mdist/[22m[32massets/roboto-greek-900-normal-Awt4eUGS.woff          [39m[1m[2m    7.42 kB[22m[1m[22m
[2mdist/[22m[32massets/roboto-greek-400-normal-DwVopRQH.woff          [39m[1m[2m    7.47 kB[22m[1m[22m
[2mdist/[22m[32massets/roboto-greek-300-normal-BMtCIBFp.woff          [39m[1m[2m    7.48 kB[22m[1m[22m
[2mdist/[22m[32massets/roboto-greek-700-normal-Bi9oTykh.woff          [39m[1m[2m    7.48 kB[22m[1m[22m
[2mdist/[22m[32massets/roboto-greek-500-normal-B0wzjI_J.woff          [39m[1m[2m    7.51 kB[22m[1m[22m
[2mdist/[22m[32massets/roboto-vietnamese-100-normal-DCm82-f1.woff2    [39m[1m[2m    7.69 kB[22m[1m[22m
[2mdist/[22m[32massets/roboto-vietnamese-900-normal-D60pXI5H.woff2    [39m[1m[2m    7.76 kB[22m[1m[22m
[2mdist/[22m[32massets/roboto-vietnamese-300-normal-CNeuLW5X.woff2    [39m[1m[2m    7.84 kB[22m[1m[22m
[2mdist/[22m[32massets/roboto-vietnamese-500-normal-HYpufUYk.woff2    [39m[1m[2m    7.84 kB[22m[1m[22m
[2mdist/[22m[32massets/roboto-vietnamese-400-normal-CDDxGrUb.woff2    [39m[1m[2m    7.86 kB[22m[1m[22m
[2mdist/[22m[32massets/roboto-vietnamese-700-normal-iKxYNAzq.woff2    [39m[1m[2m    7.88 kB[22m[1m[22m
[2mdist/[22m[32massets/roboto-greek-100-italic-D6TIgFne.woff          [39m[1m[2m    7.99 kB[22m[1m[22m
[2mdist/[22m[32massets/roboto-greek-900-italic-BcDUfVZm.woff          [39m[1m[2m    8.00 kB[22m[1m[22m
[2mdist/[22m[32massets/roboto-vietnamese-100-italic-BtiJ2JPA.woff2    [39m[1m[2m    8.02 kB[22m[1m[22m
[2mdist/[22m[32massets/roboto-greek-700-italic-B4QbJdeY.woff          [39m[1m[2m    8.06 kB[22m[1m[22m
[2mdist/[22m[32massets/roboto-greek-400-italic-BOU3vjAb.woff          [39m[1m[2m    8.07 kB[22m[1m[22m
[2mdist/[22m[32massets/roboto-greek-500-italic-N_pCZQ5H.woff          [39m[1m[2m    8.08 kB[22m[1m[22m
[2mdist/[22m[32massets/roboto-greek-300-italic-B9SF4Zu4.woff          [39m[1m[2m    8.10 kB[22m[1m[22m
[2mdist/[22m[32massets/roboto-vietnamese-900-italic-Bgqc_BA8.woff2    [39m[1m[2m    8.14 kB[22m[1m[22m
[2mdist/[22m[32massets/roboto-vietnamese-300-italic-Cjr2DTl9.woff2    [39m[1m[2m    8.15 kB[22m[1m[22m
[2mdist/[22m[32massets/roboto-vietnamese-400-italic-CwcIpTAp.woff2    [39m[1m[2m    8.20 kB[22m[1m[22m
[2mdist/[22m[32massets/roboto-vietnamese-500-italic-D10Z6vdt.woff2    [39m[1m[2m    8.23 kB[22m[1m[22m
[2mdist/[22m[32massets/roboto-vietnamese-700-italic-CZZY_W96.woff2    [39m[1m[2m    8.28 kB[22m[1m[22m
[2mdist/[22m[32massets/roboto-symbols-100-normal-DWeMaoIY.woff        [39m[1m[2m    8.53 kB[22m[1m[22m
[2mdist/[22m[32massets/roboto-symbols-900-normal-CVY_2yS0.woff        [39m[1m[2m    8.58 kB[22m[1m[22m
[2mdist/[22m[32massets/roboto-symbols-500-normal-B3xPS0M7.woff        [39m[1m[2m    8.64 kB[22m[1m[22m
[2mdist/[22m[32massets/roboto-symbols-400-normal-B2LMqLB2.woff        [39m[1m[2m    8.66 kB[22m[1m[22m
[2mdist/[22m[32massets/roboto-symbols-700-normal-BT-mnhPp.woff        [39m[1m[2m    8.68 kB[22m[1m[22m
[2mdist/[22m[32massets/roboto-symbols-300-normal-zmF1mPr_.woff        [39m[1m[2m    8.74 kB[22m[1m[22m
[2mdist/[22m[32massets/roboto-symbols-100-italic-D2t8ABFX.woff        [39m[1m[2m    9.39 kB[22m[1m[22m
[2mdist/[22m[32massets/roboto-cyrillic-100-normal-BugLp6Ss.woff       [39m[1m[2m    9.46 kB[22m[1m[22m
[2mdist/[22m[32massets/roboto-greek-100-normal-BQXKmI1c.woff2         [39m[1m[2m    9.47 kB[22m[1m[22m
[2mdist/[22m[32massets/roboto-symbols-900-italic-BCVsNfFa.woff        [39m[1m[2m    9.53 kB[22m[1m[22m
[2mdist/[22m[32massets/roboto-symbols-400-italic-BGnoHqbn.woff        [39m[1m[2m    9.53 kB[22m[1m[22m
[2mdist/[22m[32massets/roboto-symbols-500-italic-D_i8Pzih.woff        [39m[1m[2m    9.55 kB[22m[1m[22m
[2mdist/[22m[32massets/roboto-greek-300-normal-Cnub06j7.woff2         [39m[1m[2m    9.56 kB[22m[1m[22m
[2mdist/[22m[32massets/roboto-symbols-700-italic-DwsBwWxT.woff        [39m[1m[2m    9.57 kB[22m[1m[22m
[2mdist/[22m[32massets/roboto-greek-900-normal-BCuSXpbA.woff2         [39m[1m[2m    9.61 kB[22m[1m[22m
[2mdist/[22m[32massets/roboto-greek-500-normal-BJMS0heP.woff2         [39m[1m[2m    9.64 kB[22m[1m[22m
[2mdist/[22m[32massets/roboto-greek-400-normal-jFM2czAU.woff2         [39m[1m[2m    9.64 kB[22m[1m[22m
[2mdist/[22m[32massets/roboto-symbols-300-italic-CNa0ScbZ.woff        [39m[1m[2m    9.67 kB[22m[1m[22m
[2mdist/[22m[32massets/roboto-greek-700-normal-BcGn9doz.woff2         [39m[1m[2m    9.67 kB[22m[1m[22m
[2mdist/[22m[32massets/roboto-cyrillic-400-normal-C5q4FMUG.woff       [39m[1m[2m    9.73 kB[22m[1m[22m
[2mdist/[22m[32massets/roboto-cyrillic-300-normal-Cb01H779.woff       [39m[1m[2m    9.78 kB[22m[1m[22m
[2mdist/[22m[32massets/roboto-cyrillic-900-normal-M6LHKKZi.woff       [39m[1m[2m    9.81 kB[22m[1m[22m
[2mdist/[22m[32massets/roboto-greek-100-italic-BA5X659X.woff2         [39m[1m[2m    9.88 kB[22m[1m[22m
[2mdist/[22m[32massets/roboto-cyrillic-500-normal-DhPqGoNQ.woff       [39m[1m[2m    9.90 kB[22m[1m[22m
[2mdist/[22m[32massets/roboto-cyrillic-700-normal-bDW9bgt5.woff       [39m[1m[2m    9.90 kB[22m[1m[22m
[2mdist/[22m[32massets/roboto-greek-300-italic-BrLe5cRO.woff2         [39m[1m[2m   10.02 kB[22m[1m[22m
[2mdist/[22m[32massets/roboto-greek-900-italic-BEtBOMSg.woff2         [39m[1m[2m   10.05 kB[22m[1m[22m
[2mdist/[22m[32massets/roboto-greek-400-italic-B34zyaoR.woff2         [39m[1m[2m   10.11 kB[22m[1m[22m
[2mdist/[22m[32massets/roboto-greek-700-italic-BAtvbWwG.woff2         [39m[1m[2m   10.11 kB[22m[1m[22m
[2mdist/[22m[32massets/roboto-greek-500-italic-CqwlXMhV.woff2         [39m[1m[2m   10.18 kB[22m[1m[22m
[2mdist/[22m[32massets/roboto-symbols-100-normal-B-PMwc8r.woff2       [39m[1m[2m   10.43 kB[22m[1m[22m
[2mdist/[22m[32massets/roboto-cyrillic-100-italic-DTCVS85U.woff       [39m[1m[2m   10.47 kB[22m[1m[22m
[2mdist/[22m[32massets/roboto-symbols-400-normal-fF1SLJBj.woff2       [39m[1m[2m   10.58 kB[22m[1m[22m
[2mdist/[22m[32massets/roboto-symbols-300-normal-BtHl5mYl.woff2       [39m[1m[2m   10.62 kB[22m[1m[22m
[2mdist/[22m[32massets/roboto-cyrillic-400-italic-m7NTvcpe.woff       [39m[1m[2m   10.68 kB[22m[1m[22m
[2mdist/[22m[32massets/roboto-symbols-500-normal-BXFTxrNR.woff2       [39m[1m[2m   10.73 kB[22m[1m[22m
[2mdist/[22m[32massets/roboto-cyrillic-300-italic-BCvgVhnV.woff       [39m[1m[2m   10.73 kB[22m[1m[22m
[2mdist/[22m[32massets/roboto-symbols-900-normal-CRdpsJ80.woff2       [39m[1m[2m   10.78 kB[22m[1m[22m
[2mdist/[22m[32massets/roboto-cyrillic-900-italic-CN_ZfVBA.woff       [39m[1m[2m   10.78 kB[22m[1m[22m
[2mdist/[22m[32massets/roboto-symbols-700-normal-rJi6RjIy.woff2       [39m[1m[2m   10.86 kB[22m[1m[22m
[2mdist/[22m[32massets/roboto-cyrillic-500-italic-Cq00dppJ.woff       [39m[1m[2m   10.86 kB[22m[1m[22m
[2mdist/[22m[32massets/roboto-cyrillic-700-italic-Do5JkV3f.woff       [39m[1m[2m   10.89 kB[22m[1m[22m
[2mdist/[22m[32massets/roboto-symbols-100-italic-DTJxdrCC.woff2       [39m[1m[2m   11.00 kB[22m[1m[22m
[2mdist/[22m[32massets/roboto-symbols-300-italic-Decoa7JJ.woff2       [39m[1m[2m   11.46 kB[22m[1m[22m
[2mdist/[22m[32massets/roboto-cyrillic-100-normal-DDeB9qQX.woff2      [39m[1m[2m   11.46 kB[22m[1m[22m
[2mdist/[22m[32massets/roboto-symbols-400-italic-D5oo1_lk.woff2       [39m[1m[2m   11.51 kB[22m[1m[22m
[2mdist/[22m[32massets/roboto-symbols-900-italic-Mo1b0y_W.woff2       [39m[1m[2m   11.52 kB[22m[1m[22m
[2mdist/[22m[32massets/roboto-symbols-500-italic-PPSXoPA-.woff2       [39m[1m[2m   11.58 kB[22m[1m[22m
[2mdist/[22m[32massets/roboto-symbols-700-italic-B6Sa2Pt8.woff2       [39m[1m[2m   11.68 kB[22m[1m[22m
[2mdist/[22m[32massets/roboto-cyrillic-300-normal-BoeCr7ev.woff2      [39m[1m[2m   11.83 kB[22m[1m[22m
[2mdist/[22m[32massets/roboto-cyrillic-900-normal-D4rFC7QP.woff2      [39m[1m[2m   11.83 kB[22m[1m[22m
[2mdist/[22m[32massets/roboto-cyrillic-400-normal-DAIM1_dR.woff2      [39m[1m[2m   11.84 kB[22m[1m[22m
[2mdist/[22m[32massets/roboto-cyrillic-700-normal-BiSG5NnW.woff2      [39m[1m[2m   11.94 kB[22m[1m[22m
[2mdist/[22m[32massets/roboto-cyrillic-500-normal-hCeO1jFL.woff2      [39m[1m[2m   11.98 kB[22m[1m[22m
[2mdist/[22m[32massets/roboto-cyrillic-100-italic-DlbPbIMY.woff2      [39m[1m[2m   12.22 kB[22m[1m[22m
[2mdist/[22m[32massets/roboto-latin-ext-900-normal-miBG-_G3.woff      [39m[1m[2m   12.37 kB[22m[1m[22m
[2mdist/[22m[32massets/roboto-latin-ext-100-normal-DLDB2RRU.woff      [39m[1m[2m   12.38 kB[22m[1m[22m
[2mdist/[22m[32massets/roboto-latin-ext-400-normal-BG57dRWO.woff      [39m[1m[2m   12.47 kB[22m[1m[22m
[2mdist/[22m[32massets/roboto-latin-ext-700-normal-B3Q5yJJO.woff      [39m[1m[2m   12.48 kB[22m[1m[22m
[2mdist/[22m[32massets/roboto-latin-ext-500-normal-EUd9mLnZ.woff      [39m[1m[2m   12.52 kB[22m[1m[22m
[2mdist/[22m[32massets/roboto-latin-ext-300-normal-9Myisv2Z.woff      [39m[1m[2m   12.58 kB[22m[1m[22m
[2mdist/[22m[32massets/roboto-cyrillic-300-italic-BhjtUEy1.woff2      [39m[1m[2m   12.59 kB[22m[1m[22m
[2mdist/[22m[32massets/roboto-cyrillic-400-italic-DybfvQDZ.woff2      [39m[1m[2m   12.64 kB[22m[1m[22m
[2mdist/[22m[32massets/roboto-cyrillic-900-italic-Bk0kO4dp.woff2      [39m[1m[2m   12.68 kB[22m[1m[22m
[2mdist/[22m[32massets/roboto-cyrillic-700-italic-D7I_QqQO.woff2      [39m[1m[2m   12.75 kB[22m[1m[22m
[2mdist/[22m[32massets/roboto-cyrillic-500-italic-50KKclkj.woff2      [39m[1m[2m   12.84 kB[22m[1m[22m
[2mdist/[22m[32massets/roboto-latin-ext-100-italic-CL64Iygi.woff      [39m[1m[2m   13.30 kB[22m[1m[22m
[2mdist/[22m[32massets/roboto-latin-ext-100-normal-1LaByAVy.woff2     [39m[1m[2m   13.39 kB[22m[1m[22m
[2mdist/[22m[32massets/roboto-latin-ext-900-italic-CLagvnnl.woff      [39m[1m[2m   13.51 kB[22m[1m[22m
[2mdist/[22m[32massets/roboto-latin-ext-400-italic-CSjfLzBJ.woff      [39m[1m[2m   13.55 kB[22m[1m[22m
[2mdist/[22m[32massets/roboto-latin-ext-500-italic-DU7Rz3yF.woff      [39m[1m[2m   13.60 kB[22m[1m[22m
[2mdist/[22m[32massets/roboto-latin-ext-300-italic-4rsgw662.woff      [39m[1m[2m   13.62 kB[22m[1m[22m
[2mdist/[22m[32massets/roboto-latin-ext-700-italic-jtXCN3y3.woff      [39m[1m[2m   13.66 kB[22m[1m[22m
[2mdist/[22m[32massets/roboto-latin-ext-300-normal-BOz0oSmX.woff2     [39m[1m[2m   13.74 kB[22m[1m[22m
[2mdist/[22m[32massets/roboto-latin-ext-400-normal-ZYmyxeOy.woff2     [39m[1m[2m   13.74 kB[22m[1m[22m
[2mdist/[22m[32massets/roboto-latin-ext-900-normal-BxNYdyfz.woff2     [39m[1m[2m   13.90 kB[22m[1m[22m
[2mdist/[22m[32massets/roboto-latin-ext-500-normal-C_ARlJGk.woff2     [39m[1m[2m   13.98 kB[22m[1m[22m
[2mdist/[22m[32massets/roboto-latin-ext-700-normal-70GS1MYH.woff2     [39m[1m[2m   14.02 kB[22m[1m[22m
[2mdist/[22m[32massets/roboto-latin-ext-100-italic-DVDJQTC2.woff2     [39m[1m[2m   14.17 kB[22m[1m[22m
[2mdist/[22m[32massets/roboto-latin-ext-400-italic-CsSFmaQ2.woff2     [39m[1m[2m   14.70 kB[22m[1m[22m
[2mdist/[22m[32massets/roboto-latin-ext-300-italic-PQBE51_Y.woff2     [39m[1m[2m   14.72 kB[22m[1m[22m
[2mdist/[22m[32massets/roboto-cyrillic-ext-100-normal-BYYVzI3C.woff   [39m[1m[2m   14.90 kB[22m[1m[22m
[2mdist/[22m[32massets/roboto-latin-ext-500-italic-COCmbgXF.woff2     [39m[1m[2m   14.92 kB[22m[1m[22m
[2mdist/[22m[32massets/roboto-latin-ext-900-italic-CSWCVjBl.woff2     [39m[1m[2m   14.94 kB[22m[1m[22m
[2mdist/[22m[32massets/roboto-latin-ext-700-italic-D_vjvHba.woff2     [39m[1m[2m   15.00 kB[22m[1m[22m
[2mdist/[22m[32massets/roboto-cyrillic-ext-900-normal-ntW-VpC0.woff   [39m[1m[2m   15.38 kB[22m[1m[22m
[2mdist/[22m[32massets/roboto-cyrillic-ext-300-normal-D2-2MTar.woff   [39m[1m[2m   15.38 kB[22m[1m[22m
[2mdist/[22m[32massets/roboto-cyrillic-ext-400-normal-5IDvadIC.woff   [39m[1m[2m   15.40 kB[22m[1m[22m
[2mdist/[22m[32massets/roboto-cyrillic-ext-500-normal-aAFKCR76.woff   [39m[1m[2m   15.52 kB[22m[1m[22m
[2mdist/[22m[32massets/roboto-cyrillic-ext-700-normal-Ct5_lukf.woff   [39m[1m[2m   15.52 kB[22m[1m[22m
[2mdist/[22m[32massets/roboto-cyrillic-ext-100-normal-eVx91DwW.woff2  [39m[1m[2m   16.16 kB[22m[1m[22m
[2mdist/[22m[32massets/roboto-cyrillic-ext-100-italic-BapsHlaH.woff   [39m[1m[2m   16.55 kB[22m[1m[22m
[2mdist/[22m[32massets/roboto-cyrillic-ext-400-normal-DzMWdK87.woff2  [39m[1m[2m   16.85 kB[22m[1m[22m
[2mdist/[22m[32massets/roboto-cyrillic-ext-300-normal-CUPJdUZp.woff2  [39m[1m[2m   16.91 kB[22m[1m[22m
[2mdist/[22m[32massets/roboto-cyrillic-ext-900-normal-Bfn4Lcxa.woff2  [39m[1m[2m   16.98 kB[22m[1m[22m
[2mdist/[22m[32massets/roboto-cyrillic-ext-400-italic-kn7ulWJ2.woff   [39m[1m[2m   17.13 kB[22m[1m[22m
[2mdist/[22m[32massets/roboto-cyrillic-ext-300-italic-YABmwecQ.woff   [39m[1m[2m   17.15 kB[22m[1m[22m
[2mdist/[22m[32massets/roboto-cyrillic-ext-500-normal-B7rQpwPu.woff2  [39m[1m[2m   17.16 kB[22m[1m[22m
[2mdist/[22m[32massets/roboto-cyrillic-ext-900-italic-C0yG7RJk.woff   [39m[1m[2m   17.16 kB[22m[1m[22m
[2mdist/[22m[32massets/roboto-cyrillic-ext-700-normal-UFn0vR9r.woff2  [39m[1m[2m   17.21 kB[22m[1m[22m
[2mdist/[22m[32massets/roboto-cyrillic-ext-700-italic-_NbVD1Ne.woff   [39m[1m[2m   17.24 kB[22m[1m[22m
[2mdist/[22m[32massets/roboto-cyrillic-ext-500-italic-DD18EDCO.woff   [39m[1m[2m   17.24 kB[22m[1m[22m
[2mdist/[22m[32massets/roboto-cyrillic-ext-100-italic-BwNgNp6i.woff2  [39m[1m[2m   17.59 kB[22m[1m[22m
[2mdist/[22m[32massets/roboto-math-100-normal-Dt2kQgXZ.woff           [39m[1m[2m   18.04 kB[22m[1m[22m
[2mdist/[22m[32massets/roboto-math-900-normal-Bse64gO2.woff           [39m[1m[2m   18.17 kB[22m[1m[22m
[2mdist/[22m[32massets/roboto-math-400-normal-BRMeFL5Z.woff           [39m[1m[2m   18.28 kB[22m[1m[22m
[2mdist/[22m[32massets/roboto-math-500-normal-nGmytUgK.woff           [39m[1m[2m   18.36 kB[22m[1m[22m
[2mdist/[22m[32massets/roboto-math-700-normal-De_Mfcv-.woff           [39m[1m[2m   18.43 kB[22m[1m[22m
[2mdist/[22m[32massets/roboto-math-300-normal-9fozW1Ii.woff           [39m[1m[2m   18.44 kB[22m[1m[22m
[2mdist/[22m[32massets/roboto-cyrillic-ext-300-italic-BDayftIC.woff2  [39m[1m[2m   18.49 kB[22m[1m[22m
[2mdist/[22m[32massets/roboto-cyrillic-ext-400-italic-Cx5WlvFD.woff2  [39m[1m[2m   18.67 kB[22m[1m[22m
[2mdist/[22m[32massets/roboto-cyrillic-ext-900-italic-jbY8C0RQ.woff2  [39m[1m[2m   18.75 kB[22m[1m[22m
[2mdist/[22m[32massets/roboto-cyrillic-ext-500-italic-C5PK0hBL.woff2  [39m[1m[2m   18.81 kB[22m[1m[22m
[2mdist/[22m[32massets/roboto-cyrillic-ext-700-italic-7D61aufB.woff2  [39m[1m[2m   18.84 kB[22m[1m[22m
[2mdist/[22m[32massets/roboto-math-100-normal-DesmuRQJ.woff2          [39m[1m[2m   19.18 kB[22m[1m[22m
[2mdist/[22m[32massets/roboto-latin-100-normal-yik7JM_q.woff          [39m[1m[2m   19.45 kB[22m[1m[22m
[2mdist/[22m[32massets/roboto-latin-900-normal-yeV1tgUt.woff          [39m[1m[2m   19.50 kB[22m[1m[22m
[2mdist/[22m[32massets/roboto-latin-400-normal-BX2H0A0_.woff          [39m[1m[2m   19.57 kB[22m[1m[22m
[2mdist/[22m[32massets/roboto-math-400-normal-B3wgz80t.woff2          [39m[1m[2m   19.66 kB[22m[1m[22m
[2mdist/[22m[32massets/roboto-latin-500-normal-CoDN7ZW2.woff          [39m[1m[2m   19.67 kB[22m[1m[22m
[2mdist/[22m[32massets/roboto-math-300-normal-BMxwzQmU.woff2          [39m[1m[2m   19.68 kB[22m[1m[22m
[2mdist/[22m[32massets/roboto-latin-700-normal-DxC3k-1u.woff          [39m[1m[2m   19.72 kB[22m[1m[22m
[2mdist/[22m[32massets/roboto-math-900-normal-DVW2yWT0.woff2          [39m[1m[2m   19.74 kB[22m[1m[22m
[2mdist/[22m[32massets/roboto-latin-300-normal--FIRE8Jd.woff          [39m[1m[2m   19.79 kB[22m[1m[22m
[2mdist/[22m[32massets/roboto-math-100-italic-jdFNWNly.woff           [39m[1m[2m   19.89 kB[22m[1m[22m
[2mdist/[22m[32massets/roboto-math-700-normal-VUAI6Bz2.woff2          [39m[1m[2m   19.95 kB[22m[1m[22m
[2mdist/[22m[32massets/roboto-math-500-normal-CFNaIMFC.woff2          [39m[1m[2m   19.98 kB[22m[1m[22m
[2mdist/[22m[32massets/roboto-math-900-italic-DVZolrSc.woff           [39m[1m[2m   20.17 kB[22m[1m[22m
[2mdist/[22m[32massets/roboto-math-400-italic-CSG9B-dQ.woff           [39m[1m[2m   20.19 kB[22m[1m[22m
[2mdist/[22m[32massets/roboto-math-500-italic-BPY3J8n6.woff           [39m[1m[2m   20.23 kB[22m[1m[22m
[2mdist/[22m[32massets/roboto-latin-100-normal-DlpfXJCk.woff2         [39m[1m[2m   20.24 kB[22m[1m[22m
[2mdist/[22m[32massets/roboto-math-700-italic-BAlkXhR2.woff           [39m[1m[2m   20.25 kB[22m[1m[22m
[2mdist/[22m[32massets/roboto-math-300-italic-ECLaH4K2.woff           [39m[1m[2m   20.43 kB[22m[1m[22m
[2mdist/[22m[32massets/roboto-math-100-italic-_EjYahLi.woff2          [39m[1m[2m   20.45 kB[22m[1m[22m
[2mdist/[22m[32massets/roboto-latin-400-normal-CNwBRw8h.woff2         [39m[1m[2m   20.61 kB[22m[1m[22m
[2mdist/[22m[32massets/roboto-latin-900-normal-93zEKV3C.woff2         [39m[1m[2m   20.68 kB[22m[1m[22m
[2mdist/[22m[32massets/roboto-latin-300-normal-CztWkFGs.woff2         [39m[1m[2m   20.71 kB[22m[1m[22m
[2mdist/[22m[32massets/roboto-latin-500-normal-CkrA1NAy.woff2         [39m[1m[2m   20.93 kB[22m[1m[22m
[2mdist/[22m[32massets/roboto-latin-700-normal-CXeAXeti.woff2         [39m[1m[2m   21.00 kB[22m[1m[22m
[2mdist/[22m[32massets/roboto-latin-100-italic-B0eYGNxg.woff          [39m[1m[2m   21.02 kB[22m[1m[22m
[2mdist/[22m[32massets/roboto-latin-900-italic-Dbdhcd8f.woff          [39m[1m[2m   21.25 kB[22m[1m[22m
[2mdist/[22m[32massets/roboto-math-300-italic-hkG7WCB1.woff2          [39m[1m[2m   21.26 kB[22m[1m[22m
[2mdist/[22m[32massets/roboto-latin-400-italic-KYLIW3d7.woff          [39m[1m[2m   21.28 kB[22m[1m[22m
[2mdist/[22m[32massets/roboto-math-900-italic-DAJdubQV.woff2          [39m[1m[2m   21.30 kB[22m[1m[22m
[2mdist/[22m[32massets/roboto-math-400-italic-DYUv4wPJ.woff2          [39m[1m[2m   21.33 kB[22m[1m[22m
[2mdist/[22m[32massets/roboto-latin-500-italic-wp8o3pHv.woff          [39m[1m[2m   21.38 kB[22m[1m[22m
[2mdist/[22m[32massets/roboto-latin-700-italic-B1oL9RGf.woff          [39m[1m[2m   21.40 kB[22m[1m[22m
[2mdist/[22m[32massets/roboto-math-700-italic-BgjUvcKJ.woff2          [39m[1m[2m   21.48 kB[22m[1m[22m
[2mdist/[22m[32massets/roboto-latin-300-italic-CJdRNpOg.woff          [39m[1m[2m   21.49 kB[22m[1m[22m
[2mdist/[22m[32massets/roboto-math-500-italic-BvGZdN4I.woff2          [39m[1m[2m   21.52 kB[22m[1m[22m
[2mdist/[22m[32massets/roboto-latin-100-italic-UmkpCK7L.woff2         [39m[1m[2m   21.58 kB[22m[1m[22m
[2mdist/[22m[32massets/roboto-latin-900-italic-45TalvtQ.woff2         [39m[1m[2m   22.36 kB[22m[1m[22m
[2mdist/[22m[32massets/roboto-latin-400-italic-CdnZD53w.woff2         [39m[1m[2m   22.38 kB[22m[1m[22m
[2mdist/[22m[32massets/roboto-latin-300-italic-BBeuuFIU.woff2         [39m[1m[2m   22.44 kB[22m[1m[22m
[2mdist/[22m[32massets/roboto-latin-500-italic-CXbgGduZ.woff2         [39m[1m[2m   22.54 kB[22m[1m[22m
[2mdist/[22m[32massets/roboto-latin-700-italic-C2tFXWtQ.woff2         [39m[1m[2m   22.62 kB[22m[1m[22m
[2mdist/[22m[32mindex.html                                            [39m[1m[2m   26.22 kB[22m[1m[22m[2m Ôöé gzip:   2.66 kB[22m
[2mdist/[22m[32massets/materialdesignicons-webfont-Dp5v-WZN.woff2     [39m[1m[2m  403.22 kB[22m[1m[22m
[2mdist/[22m[32massets/materialdesignicons-webfont-PXm3-2wK.woff      [39m[1m[2m  587.98 kB[22m[1m[22m
[2mdist/[22m[32massets/materialdesignicons-webfont-B7mPwVP_.ttf       [39m[1m[2m1,307.66 kB[22m[1m[22m
[2mdist/[22m[32massets/materialdesignicons-webfont-CSr8KVlo.eot       [39m[1m[2m1,307.88 kB[22m[1m[22m
[2mdist/[22m[35massets/index-u1-Q5SBd.css                             [39m[1m[2m   52.42 kB[22m[1m[22m[2m Ôöé gzip:   8.05 kB[22m
[2mdist/[22m[35massets/index-C3DbOo3G.css                             [39m[1m[2m  717.95 kB[22m[1m[22m[2m Ôöé gzip: 143.07 kB[22m
[2mdist/[22m[36massets/index-BRCbldBe.js                              [39m[1m[2m   79.14 kB[22m[1m[22m[2m Ôöé gzip:  25.55 kB[22m
[2mdist/[22m[36massets/index-DD9hiLZY.js                              [39m[1m[2m  151.58 kB[22m[1m[22m[2m Ôöé gzip:  58.16 kB[22m
[32mÔ£ô built in 5.89s[39m
[36mvite v7.2.7 [32mbuilding client environment for production...[36m[39m
transforming...
[32mÔ£ô[39m 2 modules transformed.
[31mÔ£ù[39m Build 
failed in 15ms
[31merror during 
build:
[31m[vite]: Rollup 
failed to resolve 
import "@/plugins" 
from "C:/Users/bielc/Pe
dralbes/interficies/Act
3 Veu/vuetify-project/s
rc/main.js".
This is most likely 
unintended because it 
can break your 
application at runtime.
If you do want to 
externalize this 
module explicitly add 
it to
`build.rollupOptions.ex
ternal`[31m
    at viteLog (file://
/C:/Users/bielc/Pedralb
es/interficies/Act3%20V
eu/vuetify-project/node
_modules/vite/dist/node
/chunks/config.js:33634
:57)
    at onRollupLog (fil
e:///C:/Users/bielc/Ped
ralbes/interficies/Act3
%20Veu/vuetify-project/
node_modules/vite/dist/
node/chunks/config.js:3
3664:7)
    at onLog (file:///C
:/Users/bielc/Pedralbes
/interficies/Act3%20Veu
/vuetify-project/node_m
odules/vite/dist/node/c
hunks/config.js:33466:4
)
    at file:///C:/Users
/bielc/Pedralbes/interf
icies/Act3%20Veu/vuetif
y-project/node_modules/
rollup/dist/es/shared/n
ode-entry.js:20961:32
    at Object.logger 
[as onLog] (file:///C:/
Users/bielc/Pedralbes/i
nterficies/Act3%20Veu/v
uetify-project/node_mod
ules/rollup/dist/es/sha
red/node-entry.js:22848
:9)
    at ModuleLoader.han
dleInvalidResolvedId (f
ile:///C:/Users/bielc/P
edralbes/interficies/Ac
t3%20Veu/vuetify-projec
t/node_modules/rollup/d
ist/es/shared/node-entr
y.js:21592:26)
    at file:///C:/Users
/bielc/Pedralbes/interf
icies/Act3%20Veu/vuetif
y-project/node_modules/
rollup/dist/es/shared/n
ode-entry.js:21550:26
    at async 
Promise.all (index 
0)[39m
